<html>
<body>
<pre>
<h1>猩ision Build Log</h1>
<h2>Tool Versions:</h2>
IDE-Version: μVision V5.28.0.0
Copyright (C) 2019 ARM Ltd and ARM Germany GmbH. All rights reserved.
License Information: 方 銘, 台科大, LIC=----
 
Tool Versions:
Toolchain:       MDK-Lite  Version: 5.28.0.0
Toolchain Path:  C:\Keil_v5\ARM\ARMCC\Bin
C Compiler:      Armcc.exe V5.06 update 6 (build 750)
Assembler:       Armasm.exe V5.06 update 6 (build 750)
Linker/Locator:  ArmLink.exe V5.06 update 6 (build 750)
Library Manager: ArmAr.exe V5.06 update 6 (build 750)
Hex Converter:   FromElf.exe V5.06 update 6 (build 750)
CPU DLL:         SARMCM3.DLL V5.28.0.0
Dialog DLL:      DARMCM1.DLL V1.19.2.0
Target DLL:      NULink\Nu_Link.dll V3.00
Dialog DLL:      TARMCM1.DLL V1.14.1.0
 
<h2>Project:</h2>
H:\微算機實習\Electronic_Pet_Machine\Electronic_Pet_Machine.uvprojx
Project File Date:  12/07/2019

<h2>Output:</h2>
*** Using Compiler 'V5.06 update 6 (build 750)', folder: 'C:\Keil_v5\ARM\ARMCC\Bin'
Rebuild target 'Target 1'
assembling startup_NUC1xx.s...
compiling Varible.c...
Varible.c(177): warning:  #1-D: last line of file ends without a newline
  	
Varible.c: 1 warning, 0 errors
compiling system_NUC1xx.c...
compiling main.c...
compiling LCD_Function.c...
LCD_Function.c(74): warning:  #1-D: last line of file ends without a newline
  	
LCD_Function.c: 1 warning, 0 errors
compiling Animation.c...
compiling DrvSYS.c...
compiling DrvGPIO.c...
compiling Ascii_Table.c...
compiling LCD_Driver.c...
compiling DrvTIMER.c...
compiling ScanKey.c...
linking...
Program Size: Code=9828 RO-data=260 RW-data=1800 ZI-data=2224  
".\Objects\Electronic_Pet_Machine.axf" - 0 Error(s), 2 Warning(s).

<h2>Software Packages used:</h2>

Package Vendor: Nuvoton
                http://www.nuvoton.com/hq/enu/Documents/KEILSoftwarePack/Nuvoton.NuMicro_DFP.1.3.4.pack
                Nuvoton.NuMicro_DFP.1.3.4
                Nuvoton ARM Cortex-M NuMicro Family Device Support

<h2>Collection of Component include folders:</h2>
  .\RTE\_Target_1
  C:\Users\方\AppData\Local\Arm\Packs\Nuvoton\NuMicro_DFP\1.3.4\Device\NUC100\Include

<h2>Collection of Component Files used:</h2>
Build Time Elapsed:  00:00:09
</pre>
</body>
</html>
