<!doctype html public "-//w3c//dtd html 4.0 transitional//en">
<html><head>
<title>Static Call Graph - [.\Objects\Electronic_Pet_Machine.axf]</title></head>
<body><HR>
<H1>Static Call Graph for image .\Objects\Electronic_Pet_Machine.axf</H1><HR>
<BR><P>#&#060CALLGRAPH&#062# ARM Linker, 5060750: Last Updated: Sun Dec 08 15:07:19 2019
<BR><P>
<H3>Maximum Stack Usage =        104 bytes + Unknown(Functions without stacksize, Cycles, Untraceable Function Pointers)</H3><H3>
Call chain for Maximum Stack Depth:</H3>
__rt_entry_main &rArr; main &rArr; DrvTIMER_Open &rArr; GetTimerClock &rArr; DrvSYS_GetHCLKFreq &rArr; DrvSYS_GetPLLClockFreq
<P>
<H3>
Functions with no stack information
</H3><UL>
 <LI><a href="#[30]">__user_initial_stackheap</a>
 <LI><a href="#[31]">SH_DoCommand</a>
</UL>
</UL>
<P>
<H3>
Mutually Recursive functions
</H3> <LI><a href="#[6]">NMI_Handler</a>&nbsp;&nbsp;&nbsp;&rArr;&nbsp;&nbsp;&nbsp;<a href="#[6]">NMI_Handler</a><BR>
 <LI><a href="#[8]">SVC_Handler</a>&nbsp;&nbsp;&nbsp;&rArr;&nbsp;&nbsp;&nbsp;<a href="#[8]">SVC_Handler</a><BR>
 <LI><a href="#[9]">PendSV_Handler</a>&nbsp;&nbsp;&nbsp;&rArr;&nbsp;&nbsp;&nbsp;<a href="#[9]">PendSV_Handler</a><BR>
 <LI><a href="#[a]">SysTick_Handler</a>&nbsp;&nbsp;&nbsp;&rArr;&nbsp;&nbsp;&nbsp;<a href="#[a]">SysTick_Handler</a><BR>
 <LI><a href="#[20]">Default_Handler</a>&nbsp;&nbsp;&nbsp;&rArr;&nbsp;&nbsp;&nbsp;<a href="#[20]">Default_Handler</a><BR>
</UL>
<P>
<H3>
Function Pointers
</H3><UL>
 <LI><a href="#[23]">ACMP_IRQHandler</a> from startup_nuc1xx.o(.text) referenced from startup_nuc1xx.o(RESET)
 <LI><a href="#[27]">ADC_IRQHandler</a> from startup_nuc1xx.o(.text) referenced from startup_nuc1xx.o(RESET)
 <LI><a href="#[2d]">Animation_delay</a> from animation.o(i.Animation_delay) referenced from main.o(i.main)
 <LI><a href="#[2c]">BAR_tick_add</a> from animation.o(i.BAR_tick_add) referenced from main.o(i.main)
 <LI><a href="#[b]">BOD_IRQHandler</a> from drvsys.o(i.BOD_IRQHandler) referenced from startup_nuc1xx.o(RESET)
 <LI><a href="#[1f]">CAN0_IRQHandler</a> from startup_nuc1xx.o(.text) referenced from startup_nuc1xx.o(RESET)
 <LI><a href="#[2b]">CAT_animation</a> from animation.o(i.CAT_animation) referenced from main.o(i.main)
 <LI><a href="#[20]">Default_Handler</a> from startup_nuc1xx.o(.text) referenced 3 times from startup_nuc1xx.o(RESET)
 <LI><a href="#[d]">EINT0_IRQHandler</a> from drvgpio.o(i.EINT0_IRQHandler) referenced from startup_nuc1xx.o(RESET)
 <LI><a href="#[e]">EINT1_IRQHandler</a> from drvgpio.o(i.EINT1_IRQHandler) referenced from startup_nuc1xx.o(RESET)
 <LI><a href="#[f]">GPAB_IRQHandler</a> from drvgpio.o(i.GPAB_IRQHandler) referenced from startup_nuc1xx.o(RESET)
 <LI><a href="#[10]">GPCDE_IRQHandler</a> from drvgpio.o(i.GPCDE_IRQHandler) referenced from startup_nuc1xx.o(RESET)
 <LI><a href="#[7]">HardFault_Handler</a> from startup_nuc1xx.o(.text) referenced from startup_nuc1xx.o(RESET)
 <LI><a href="#[1d]">I2C0_IRQHandler</a> from startup_nuc1xx.o(.text) referenced from startup_nuc1xx.o(RESET)
 <LI><a href="#[1e]">I2C1_IRQHandler</a> from startup_nuc1xx.o(.text) referenced from startup_nuc1xx.o(RESET)
 <LI><a href="#[25]">I2S_IRQHandler</a> from startup_nuc1xx.o(.text) referenced from startup_nuc1xx.o(RESET)
 <LI><a href="#[6]">NMI_Handler</a> from startup_nuc1xx.o(.text) referenced from startup_nuc1xx.o(RESET)
 <LI><a href="#[24]">PDMA_IRQHandler</a> from startup_nuc1xx.o(.text) referenced from startup_nuc1xx.o(RESET)
 <LI><a href="#[22]">PS2_IRQHandler</a> from startup_nuc1xx.o(.text) referenced from startup_nuc1xx.o(RESET)
 <LI><a href="#[11]">PWMA_IRQHandler</a> from startup_nuc1xx.o(.text) referenced from startup_nuc1xx.o(RESET)
 <LI><a href="#[12]">PWMB_IRQHandler</a> from startup_nuc1xx.o(.text) referenced from startup_nuc1xx.o(RESET)
 <LI><a href="#[26]">PWRWU_IRQHandler</a> from drvsys.o(i.PWRWU_IRQHandler) referenced from startup_nuc1xx.o(RESET)
 <LI><a href="#[9]">PendSV_Handler</a> from startup_nuc1xx.o(.text) referenced from startup_nuc1xx.o(RESET)
 <LI><a href="#[28]">RTC_IRQHandler</a> from startup_nuc1xx.o(.text) referenced from startup_nuc1xx.o(RESET)
 <LI><a href="#[2e]">Reset_Handler</a> from startup_nuc1xx.o(.text) referenced from startup_nuc1xx.o(RESET)
 <LI><a href="#[19]">SPI0_IRQHandler</a> from startup_nuc1xx.o(.text) referenced from startup_nuc1xx.o(RESET)
 <LI><a href="#[1a]">SPI1_IRQHandler</a> from startup_nuc1xx.o(.text) referenced from startup_nuc1xx.o(RESET)
 <LI><a href="#[1b]">SPI2_IRQHandler</a> from startup_nuc1xx.o(.text) referenced from startup_nuc1xx.o(RESET)
 <LI><a href="#[1c]">SPI3_IRQHandler</a> from startup_nuc1xx.o(.text) referenced from startup_nuc1xx.o(RESET)
 <LI><a href="#[8]">SVC_Handler</a> from startup_nuc1xx.o(.text) referenced from startup_nuc1xx.o(RESET)
 <LI><a href="#[a]">SysTick_Handler</a> from startup_nuc1xx.o(.text) referenced from startup_nuc1xx.o(RESET)
 <LI><a href="#[29]">SystemInit</a> from system_nuc1xx.o(i.SystemInit) referenced from startup_nuc1xx.o(.text)
 <LI><a href="#[13]">TMR0_IRQHandler</a> from drvtimer.o(i.TMR0_IRQHandler) referenced from startup_nuc1xx.o(RESET)
 <LI><a href="#[14]">TMR1_IRQHandler</a> from drvtimer.o(i.TMR1_IRQHandler) referenced from startup_nuc1xx.o(RESET)
 <LI><a href="#[15]">TMR2_IRQHandler</a> from drvtimer.o(i.TMR2_IRQHandler) referenced from startup_nuc1xx.o(RESET)
 <LI><a href="#[16]">TMR3_IRQHandler</a> from drvtimer.o(i.TMR3_IRQHandler) referenced from startup_nuc1xx.o(RESET)
 <LI><a href="#[17]">UART02_IRQHandler</a> from startup_nuc1xx.o(.text) referenced from startup_nuc1xx.o(RESET)
 <LI><a href="#[18]">UART1_IRQHandler</a> from startup_nuc1xx.o(.text) referenced from startup_nuc1xx.o(RESET)
 <LI><a href="#[21]">USBD_IRQHandler</a> from startup_nuc1xx.o(.text) referenced from startup_nuc1xx.o(RESET)
 <LI><a href="#[c]">WDT_IRQHandler</a> from drvtimer.o(i.WDT_IRQHandler) referenced from startup_nuc1xx.o(RESET)
 <LI><a href="#[2f]">__main</a> from __main.o(!!!main) referenced from startup_nuc1xx.o(.text)
</UL>
<P>
<H3>
Global Symbols
</H3>
<P><STRONG><a name="[2f]"></a>__main</STRONG> (Thumb, 8 bytes, Stack size 0 bytes, __main.o(!!!main))
<BR><BR>[Calls]<UL><LI><a href="#[32]">&gt;&gt;</a>&nbsp;&nbsp;&nbsp;__scatterload
<LI><a href="#[33]">&gt;&gt;</a>&nbsp;&nbsp;&nbsp;__rt_entry
</UL>

<P><STRONG><a name="[32]"></a>__scatterload</STRONG> (Thumb, 0 bytes, Stack size unknown bytes, __scatter.o(!!!scatter))
<BR><BR>[Called By]<UL><LI><a href="#[2f]">&gt;&gt;</a>&nbsp;&nbsp;&nbsp;__main
</UL>

<P><STRONG><a name="[34]"></a>__scatterload_rt2</STRONG> (Thumb, 52 bytes, Stack size unknown bytes, __scatter.o(!!!scatter), UNUSED)
<BR><BR>[Calls]<UL><LI><a href="#[33]">&gt;&gt;</a>&nbsp;&nbsp;&nbsp;__rt_entry
</UL>

<P><STRONG><a name="[68]"></a>__scatterload_rt2_thumb_only</STRONG> (Thumb, 0 bytes, Stack size unknown bytes, __scatter.o(!!!scatter), UNUSED)

<P><STRONG><a name="[69]"></a>__scatterload_null</STRONG> (Thumb, 0 bytes, Stack size unknown bytes, __scatter.o(!!!scatter), UNUSED)

<P><STRONG><a name="[6a]"></a>__scatterload_zeroinit</STRONG> (Thumb, 28 bytes, Stack size unknown bytes, __scatter_zi.o(!!handler_zi), UNUSED)

<P><STRONG><a name="[38]"></a>__rt_lib_init</STRONG> (Thumb, 0 bytes, Stack size unknown bytes, libinit.o(.ARM.Collect$$libinit$$00000000))
<BR><BR>[Called By]<UL><LI><a href="#[37]">&gt;&gt;</a>&nbsp;&nbsp;&nbsp;__rt_entry_li
</UL>

<P><STRONG><a name="[6b]"></a>__rt_lib_init_alloca_1</STRONG> (Thumb, 0 bytes, Stack size unknown bytes, libinit2.o(.ARM.Collect$$libinit$$0000002E))

<P><STRONG><a name="[6c]"></a>__rt_lib_init_argv_1</STRONG> (Thumb, 0 bytes, Stack size unknown bytes, libinit2.o(.ARM.Collect$$libinit$$0000002C))

<P><STRONG><a name="[6d]"></a>__rt_lib_init_atexit_1</STRONG> (Thumb, 0 bytes, Stack size unknown bytes, libinit2.o(.ARM.Collect$$libinit$$0000001B))

<P><STRONG><a name="[6e]"></a>__rt_lib_init_clock_1</STRONG> (Thumb, 0 bytes, Stack size unknown bytes, libinit2.o(.ARM.Collect$$libinit$$00000021))

<P><STRONG><a name="[6f]"></a>__rt_lib_init_cpp_1</STRONG> (Thumb, 0 bytes, Stack size unknown bytes, libinit2.o(.ARM.Collect$$libinit$$00000032))

<P><STRONG><a name="[70]"></a>__rt_lib_init_exceptions_1</STRONG> (Thumb, 0 bytes, Stack size unknown bytes, libinit2.o(.ARM.Collect$$libinit$$00000030))

<P><STRONG><a name="[71]"></a>__rt_lib_init_fp_1</STRONG> (Thumb, 0 bytes, Stack size unknown bytes, libinit2.o(.ARM.Collect$$libinit$$00000002))

<P><STRONG><a name="[72]"></a>__rt_lib_init_fp_trap_1</STRONG> (Thumb, 0 bytes, Stack size unknown bytes, libinit2.o(.ARM.Collect$$libinit$$0000001F))

<P><STRONG><a name="[73]"></a>__rt_lib_init_getenv_1</STRONG> (Thumb, 0 bytes, Stack size unknown bytes, libinit2.o(.ARM.Collect$$libinit$$00000023))

<P><STRONG><a name="[74]"></a>__rt_lib_init_heap_1</STRONG> (Thumb, 0 bytes, Stack size unknown bytes, libinit2.o(.ARM.Collect$$libinit$$0000000A))

<P><STRONG><a name="[75]"></a>__rt_lib_init_lc_collate_1</STRONG> (Thumb, 0 bytes, Stack size unknown bytes, libinit2.o(.ARM.Collect$$libinit$$00000011))

<P><STRONG><a name="[76]"></a>__rt_lib_init_lc_ctype_1</STRONG> (Thumb, 0 bytes, Stack size unknown bytes, libinit2.o(.ARM.Collect$$libinit$$00000013))

<P><STRONG><a name="[77]"></a>__rt_lib_init_lc_monetary_1</STRONG> (Thumb, 0 bytes, Stack size unknown bytes, libinit2.o(.ARM.Collect$$libinit$$00000015))

<P><STRONG><a name="[78]"></a>__rt_lib_init_lc_numeric_1</STRONG> (Thumb, 0 bytes, Stack size unknown bytes, libinit2.o(.ARM.Collect$$libinit$$00000017))

<P><STRONG><a name="[79]"></a>__rt_lib_init_lc_time_1</STRONG> (Thumb, 0 bytes, Stack size unknown bytes, libinit2.o(.ARM.Collect$$libinit$$00000019))

<P><STRONG><a name="[7a]"></a>__rt_lib_init_preinit_1</STRONG> (Thumb, 0 bytes, Stack size unknown bytes, libinit2.o(.ARM.Collect$$libinit$$00000004))

<P><STRONG><a name="[7b]"></a>__rt_lib_init_rand_1</STRONG> (Thumb, 0 bytes, Stack size unknown bytes, libinit2.o(.ARM.Collect$$libinit$$0000000E))

<P><STRONG><a name="[7c]"></a>__rt_lib_init_return</STRONG> (Thumb, 0 bytes, Stack size unknown bytes, libinit2.o(.ARM.Collect$$libinit$$00000033))

<P><STRONG><a name="[7d]"></a>__rt_lib_init_signal_1</STRONG> (Thumb, 0 bytes, Stack size unknown bytes, libinit2.o(.ARM.Collect$$libinit$$0000001D))

<P><STRONG><a name="[7e]"></a>__rt_lib_init_stdio_1</STRONG> (Thumb, 0 bytes, Stack size unknown bytes, libinit2.o(.ARM.Collect$$libinit$$00000025))

<P><STRONG><a name="[7f]"></a>__rt_lib_init_user_alloc_1</STRONG> (Thumb, 0 bytes, Stack size unknown bytes, libinit2.o(.ARM.Collect$$libinit$$0000000C))

<P><STRONG><a name="[3d]"></a>__rt_lib_shutdown</STRONG> (Thumb, 0 bytes, Stack size unknown bytes, libshutdown.o(.ARM.Collect$$libshutdown$$00000000))
<BR><BR>[Called By]<UL><LI><a href="#[3c]">&gt;&gt;</a>&nbsp;&nbsp;&nbsp;__rt_exit_ls
</UL>

<P><STRONG><a name="[80]"></a>__rt_lib_shutdown_cpp_1</STRONG> (Thumb, 0 bytes, Stack size unknown bytes, libshutdown2.o(.ARM.Collect$$libshutdown$$00000002))

<P><STRONG><a name="[81]"></a>__rt_lib_shutdown_fp_trap_1</STRONG> (Thumb, 0 bytes, Stack size unknown bytes, libshutdown2.o(.ARM.Collect$$libshutdown$$00000007))

<P><STRONG><a name="[82]"></a>__rt_lib_shutdown_heap_1</STRONG> (Thumb, 0 bytes, Stack size unknown bytes, libshutdown2.o(.ARM.Collect$$libshutdown$$0000000F))

<P><STRONG><a name="[83]"></a>__rt_lib_shutdown_return</STRONG> (Thumb, 0 bytes, Stack size unknown bytes, libshutdown2.o(.ARM.Collect$$libshutdown$$00000010))

<P><STRONG><a name="[84]"></a>__rt_lib_shutdown_signal_1</STRONG> (Thumb, 0 bytes, Stack size unknown bytes, libshutdown2.o(.ARM.Collect$$libshutdown$$0000000A))

<P><STRONG><a name="[85]"></a>__rt_lib_shutdown_stdio_1</STRONG> (Thumb, 0 bytes, Stack size unknown bytes, libshutdown2.o(.ARM.Collect$$libshutdown$$00000004))

<P><STRONG><a name="[86]"></a>__rt_lib_shutdown_user_alloc_1</STRONG> (Thumb, 0 bytes, Stack size unknown bytes, libshutdown2.o(.ARM.Collect$$libshutdown$$0000000C))

<P><STRONG><a name="[33]"></a>__rt_entry</STRONG> (Thumb, 0 bytes, Stack size unknown bytes, __rtentry.o(.ARM.Collect$$rtentry$$00000000))
<BR><BR>[Called By]<UL><LI><a href="#[34]">&gt;&gt;</a>&nbsp;&nbsp;&nbsp;__scatterload_rt2
<LI><a href="#[2f]">&gt;&gt;</a>&nbsp;&nbsp;&nbsp;__main
</UL>

<P><STRONG><a name="[87]"></a>__rt_entry_presh_1</STRONG> (Thumb, 0 bytes, Stack size unknown bytes, __rtentry2.o(.ARM.Collect$$rtentry$$00000002))

<P><STRONG><a name="[35]"></a>__rt_entry_sh</STRONG> (Thumb, 0 bytes, Stack size unknown bytes, __rtentry4.o(.ARM.Collect$$rtentry$$00000004))
<BR><BR>[Stack]<UL><LI>Max Depth = 8 + Unknown Stack Size
<LI>Call Chain = __rt_entry_sh &rArr; __user_setup_stackheap
</UL>
<BR>[Calls]<UL><LI><a href="#[36]">&gt;&gt;</a>&nbsp;&nbsp;&nbsp;__user_setup_stackheap
</UL>

<P><STRONG><a name="[37]"></a>__rt_entry_li</STRONG> (Thumb, 0 bytes, Stack size unknown bytes, __rtentry2.o(.ARM.Collect$$rtentry$$0000000A))
<BR><BR>[Calls]<UL><LI><a href="#[38]">&gt;&gt;</a>&nbsp;&nbsp;&nbsp;__rt_lib_init
</UL>

<P><STRONG><a name="[88]"></a>__rt_entry_postsh_1</STRONG> (Thumb, 0 bytes, Stack size unknown bytes, __rtentry2.o(.ARM.Collect$$rtentry$$00000009))

<P><STRONG><a name="[39]"></a>__rt_entry_main</STRONG> (Thumb, 0 bytes, Stack size unknown bytes, __rtentry2.o(.ARM.Collect$$rtentry$$0000000D))
<BR><BR>[Stack]<UL><LI>Max Depth = 104 + Unknown Stack Size
<LI>Call Chain = __rt_entry_main &rArr; main &rArr; DrvTIMER_Open &rArr; GetTimerClock &rArr; DrvSYS_GetHCLKFreq &rArr; DrvSYS_GetPLLClockFreq
</UL>
<BR>[Calls]<UL><LI><a href="#[3a]">&gt;&gt;</a>&nbsp;&nbsp;&nbsp;main
<LI><a href="#[3b]">&gt;&gt;</a>&nbsp;&nbsp;&nbsp;exit
</UL>

<P><STRONG><a name="[89]"></a>__rt_entry_postli_1</STRONG> (Thumb, 0 bytes, Stack size unknown bytes, __rtentry2.o(.ARM.Collect$$rtentry$$0000000C))

<P><STRONG><a name="[42]"></a>__rt_exit</STRONG> (Thumb, 0 bytes, Stack size unknown bytes, rtexit.o(.ARM.Collect$$rtexit$$00000000))
<BR><BR>[Called By]<UL><LI><a href="#[3b]">&gt;&gt;</a>&nbsp;&nbsp;&nbsp;exit
</UL>

<P><STRONG><a name="[3c]"></a>__rt_exit_ls</STRONG> (Thumb, 0 bytes, Stack size unknown bytes, rtexit2.o(.ARM.Collect$$rtexit$$00000003))
<BR><BR>[Calls]<UL><LI><a href="#[3d]">&gt;&gt;</a>&nbsp;&nbsp;&nbsp;__rt_lib_shutdown
</UL>

<P><STRONG><a name="[8a]"></a>__rt_exit_prels_1</STRONG> (Thumb, 0 bytes, Stack size unknown bytes, rtexit2.o(.ARM.Collect$$rtexit$$00000002))

<P><STRONG><a name="[3e]"></a>__rt_exit_exit</STRONG> (Thumb, 0 bytes, Stack size unknown bytes, rtexit2.o(.ARM.Collect$$rtexit$$00000004))
<BR><BR>[Calls]<UL><LI><a href="#[3f]">&gt;&gt;</a>&nbsp;&nbsp;&nbsp;_sys_exit
</UL>

<P><STRONG><a name="[2e]"></a>Reset_Handler</STRONG> (Thumb, 32 bytes, Stack size 0 bytes, startup_nuc1xx.o(.text))

<P><STRONG><a name="[6]"></a>NMI_Handler</STRONG> (Thumb, 2 bytes, Stack size 0 bytes, startup_nuc1xx.o(.text))
<BR><BR>[Calls]<UL><LI><a href="#[6]">&gt;&gt;</a>&nbsp;&nbsp;&nbsp;NMI_Handler
</UL>
<BR>[Called By]<UL><LI><a href="#[6]">&gt;&gt;</a>&nbsp;&nbsp;&nbsp;NMI_Handler
</UL>
<BR>[Address Reference Count : 1]<UL><LI> startup_nuc1xx.o(RESET)
</UL>
<P><STRONG><a name="[7]"></a>HardFault_Handler</STRONG> (Thumb, 18 bytes, Stack size 0 bytes, startup_nuc1xx.o(.text))
<BR>[Address Reference Count : 1]<UL><LI> startup_nuc1xx.o(RESET)
</UL>
<P><STRONG><a name="[8]"></a>SVC_Handler</STRONG> (Thumb, 2 bytes, Stack size 0 bytes, startup_nuc1xx.o(.text))
<BR><BR>[Calls]<UL><LI><a href="#[8]">&gt;&gt;</a>&nbsp;&nbsp;&nbsp;SVC_Handler
</UL>
<BR>[Called By]<UL><LI><a href="#[8]">&gt;&gt;</a>&nbsp;&nbsp;&nbsp;SVC_Handler
</UL>
<BR>[Address Reference Count : 1]<UL><LI> startup_nuc1xx.o(RESET)
</UL>
<P><STRONG><a name="[9]"></a>PendSV_Handler</STRONG> (Thumb, 2 bytes, Stack size 0 bytes, startup_nuc1xx.o(.text))
<BR><BR>[Calls]<UL><LI><a href="#[9]">&gt;&gt;</a>&nbsp;&nbsp;&nbsp;PendSV_Handler
</UL>
<BR>[Called By]<UL><LI><a href="#[9]">&gt;&gt;</a>&nbsp;&nbsp;&nbsp;PendSV_Handler
</UL>
<BR>[Address Reference Count : 1]<UL><LI> startup_nuc1xx.o(RESET)
</UL>
<P><STRONG><a name="[a]"></a>SysTick_Handler</STRONG> (Thumb, 2 bytes, Stack size 0 bytes, startup_nuc1xx.o(.text))
<BR><BR>[Calls]<UL><LI><a href="#[a]">&gt;&gt;</a>&nbsp;&nbsp;&nbsp;SysTick_Handler
</UL>
<BR>[Called By]<UL><LI><a href="#[a]">&gt;&gt;</a>&nbsp;&nbsp;&nbsp;SysTick_Handler
</UL>
<BR>[Address Reference Count : 1]<UL><LI> startup_nuc1xx.o(RESET)
</UL>
<P><STRONG><a name="[23]"></a>ACMP_IRQHandler</STRONG> (Thumb, 0 bytes, Stack size 0 bytes, startup_nuc1xx.o(.text))
<BR>[Address Reference Count : 1]<UL><LI> startup_nuc1xx.o(RESET)
</UL>
<P><STRONG><a name="[27]"></a>ADC_IRQHandler</STRONG> (Thumb, 0 bytes, Stack size 0 bytes, startup_nuc1xx.o(.text))
<BR>[Address Reference Count : 1]<UL><LI> startup_nuc1xx.o(RESET)
</UL>
<P><STRONG><a name="[1f]"></a>CAN0_IRQHandler</STRONG> (Thumb, 0 bytes, Stack size 0 bytes, startup_nuc1xx.o(.text))
<BR>[Address Reference Count : 1]<UL><LI> startup_nuc1xx.o(RESET)
</UL>
<P><STRONG><a name="[1d]"></a>I2C0_IRQHandler</STRONG> (Thumb, 0 bytes, Stack size 0 bytes, startup_nuc1xx.o(.text))
<BR>[Address Reference Count : 1]<UL><LI> startup_nuc1xx.o(RESET)
</UL>
<P><STRONG><a name="[1e]"></a>I2C1_IRQHandler</STRONG> (Thumb, 0 bytes, Stack size 0 bytes, startup_nuc1xx.o(.text))
<BR>[Address Reference Count : 1]<UL><LI> startup_nuc1xx.o(RESET)
</UL>
<P><STRONG><a name="[25]"></a>I2S_IRQHandler</STRONG> (Thumb, 0 bytes, Stack size 0 bytes, startup_nuc1xx.o(.text))
<BR>[Address Reference Count : 1]<UL><LI> startup_nuc1xx.o(RESET)
</UL>
<P><STRONG><a name="[24]"></a>PDMA_IRQHandler</STRONG> (Thumb, 0 bytes, Stack size 0 bytes, startup_nuc1xx.o(.text))
<BR>[Address Reference Count : 1]<UL><LI> startup_nuc1xx.o(RESET)
</UL>
<P><STRONG><a name="[22]"></a>PS2_IRQHandler</STRONG> (Thumb, 0 bytes, Stack size 0 bytes, startup_nuc1xx.o(.text))
<BR>[Address Reference Count : 1]<UL><LI> startup_nuc1xx.o(RESET)
</UL>
<P><STRONG><a name="[11]"></a>PWMA_IRQHandler</STRONG> (Thumb, 0 bytes, Stack size 0 bytes, startup_nuc1xx.o(.text))
<BR>[Address Reference Count : 1]<UL><LI> startup_nuc1xx.o(RESET)
</UL>
<P><STRONG><a name="[12]"></a>PWMB_IRQHandler</STRONG> (Thumb, 0 bytes, Stack size 0 bytes, startup_nuc1xx.o(.text))
<BR>[Address Reference Count : 1]<UL><LI> startup_nuc1xx.o(RESET)
</UL>
<P><STRONG><a name="[28]"></a>RTC_IRQHandler</STRONG> (Thumb, 0 bytes, Stack size 0 bytes, startup_nuc1xx.o(.text))
<BR>[Address Reference Count : 1]<UL><LI> startup_nuc1xx.o(RESET)
</UL>
<P><STRONG><a name="[19]"></a>SPI0_IRQHandler</STRONG> (Thumb, 0 bytes, Stack size 0 bytes, startup_nuc1xx.o(.text))
<BR>[Address Reference Count : 1]<UL><LI> startup_nuc1xx.o(RESET)
</UL>
<P><STRONG><a name="[1a]"></a>SPI1_IRQHandler</STRONG> (Thumb, 0 bytes, Stack size 0 bytes, startup_nuc1xx.o(.text))
<BR>[Address Reference Count : 1]<UL><LI> startup_nuc1xx.o(RESET)
</UL>
<P><STRONG><a name="[1b]"></a>SPI2_IRQHandler</STRONG> (Thumb, 0 bytes, Stack size 0 bytes, startup_nuc1xx.o(.text))
<BR>[Address Reference Count : 1]<UL><LI> startup_nuc1xx.o(RESET)
</UL>
<P><STRONG><a name="[1c]"></a>SPI3_IRQHandler</STRONG> (Thumb, 0 bytes, Stack size 0 bytes, startup_nuc1xx.o(.text))
<BR>[Address Reference Count : 1]<UL><LI> startup_nuc1xx.o(RESET)
</UL>
<P><STRONG><a name="[17]"></a>UART02_IRQHandler</STRONG> (Thumb, 0 bytes, Stack size 0 bytes, startup_nuc1xx.o(.text))
<BR>[Address Reference Count : 1]<UL><LI> startup_nuc1xx.o(RESET)
</UL>
<P><STRONG><a name="[18]"></a>UART1_IRQHandler</STRONG> (Thumb, 0 bytes, Stack size 0 bytes, startup_nuc1xx.o(.text))
<BR>[Address Reference Count : 1]<UL><LI> startup_nuc1xx.o(RESET)
</UL>
<P><STRONG><a name="[21]"></a>USBD_IRQHandler</STRONG> (Thumb, 0 bytes, Stack size 0 bytes, startup_nuc1xx.o(.text))
<BR>[Address Reference Count : 1]<UL><LI> startup_nuc1xx.o(RESET)
</UL>
<P><STRONG><a name="[30]"></a>__user_initial_stackheap</STRONG> (Thumb, 0 bytes, Stack size unknown bytes, startup_nuc1xx.o(.text))
<BR><BR>[Called By]<UL><LI><a href="#[36]">&gt;&gt;</a>&nbsp;&nbsp;&nbsp;__user_setup_stackheap
</UL>

<P><STRONG><a name="[31]"></a>SH_DoCommand</STRONG> (Thumb, 0 bytes, Stack size unknown bytes, startup_nuc1xx.o(.text), UNUSED, KEPT)

<P><STRONG><a name="[8b]"></a>__aeabi_uidiv</STRONG> (Thumb, 0 bytes, Stack size 0 bytes, aeabi_sdiv.o(.text), UNUSED)

<P><STRONG><a name="[44]"></a>__aeabi_uidivmod</STRONG> (Thumb, 20 bytes, Stack size 0 bytes, aeabi_sdiv.o(.text))
<BR><BR>[Called By]<UL><LI><a href="#[4a]">&gt;&gt;</a>&nbsp;&nbsp;&nbsp;DrvSYS_GetPLLContent
<LI><a href="#[49]">&gt;&gt;</a>&nbsp;&nbsp;&nbsp;DrvSYS_GetPLLClockFreq
<LI><a href="#[48]">&gt;&gt;</a>&nbsp;&nbsp;&nbsp;DrvSYS_GetHCLKFreq
<LI><a href="#[2b]">&gt;&gt;</a>&nbsp;&nbsp;&nbsp;CAT_animation
<LI><a href="#[43]">&gt;&gt;</a>&nbsp;&nbsp;&nbsp;BAR_Refresh
<LI><a href="#[3a]">&gt;&gt;</a>&nbsp;&nbsp;&nbsp;main
<LI><a href="#[4f]">&gt;&gt;</a>&nbsp;&nbsp;&nbsp;SystemCoreClockUpdate
<LI><a href="#[45]">&gt;&gt;</a>&nbsp;&nbsp;&nbsp;CalTimerInitValue
</UL>

<P><STRONG><a name="[8c]"></a>__aeabi_idiv</STRONG> (Thumb, 0 bytes, Stack size 8 bytes, aeabi_sdiv.o(.text), UNUSED)

<P><STRONG><a name="[8d]"></a>__aeabi_idivmod</STRONG> (Thumb, 326 bytes, Stack size 8 bytes, aeabi_sdiv.o(.text), UNUSED)

<P><STRONG><a name="[8e]"></a>__use_two_region_memory</STRONG> (Thumb, 2 bytes, Stack size 0 bytes, heapauxi.o(.text), UNUSED)

<P><STRONG><a name="[8f]"></a>__rt_heap_escrow$2region</STRONG> (Thumb, 2 bytes, Stack size 0 bytes, heapauxi.o(.text), UNUSED)

<P><STRONG><a name="[90]"></a>__rt_heap_expand$2region</STRONG> (Thumb, 2 bytes, Stack size 0 bytes, heapauxi.o(.text), UNUSED)

<P><STRONG><a name="[36]"></a>__user_setup_stackheap</STRONG> (Thumb, 62 bytes, Stack size 8 bytes, sys_stackheap_outer.o(.text))
<BR><BR>[Stack]<UL><LI>Max Depth = 8 + Unknown Stack Size
<LI>Call Chain = __user_setup_stackheap
</UL>
<BR>[Calls]<UL><LI><a href="#[30]">&gt;&gt;</a>&nbsp;&nbsp;&nbsp;__user_initial_stackheap
<LI><a href="#[40]">&gt;&gt;</a>&nbsp;&nbsp;&nbsp;__user_perproc_libspace
</UL>
<BR>[Called By]<UL><LI><a href="#[35]">&gt;&gt;</a>&nbsp;&nbsp;&nbsp;__rt_entry_sh
</UL>

<P><STRONG><a name="[3b]"></a>exit</STRONG> (Thumb, 16 bytes, Stack size 8 bytes, exit.o(.text))
<BR><BR>[Stack]<UL><LI>Max Depth = 8 + Unknown Stack Size
<LI>Call Chain = exit
</UL>
<BR>[Calls]<UL><LI><a href="#[42]">&gt;&gt;</a>&nbsp;&nbsp;&nbsp;__rt_exit
<LI><a href="#[41]">&gt;&gt;</a>&nbsp;&nbsp;&nbsp;_call_atexit_fns (Weak Reference)
</UL>
<BR>[Called By]<UL><LI><a href="#[39]">&gt;&gt;</a>&nbsp;&nbsp;&nbsp;__rt_entry_main
</UL>

<P><STRONG><a name="[91]"></a>__user_libspace</STRONG> (Thumb, 8 bytes, Stack size 0 bytes, libspace.o(.text), UNUSED)

<P><STRONG><a name="[40]"></a>__user_perproc_libspace</STRONG> (Thumb, 0 bytes, Stack size 0 bytes, libspace.o(.text))
<BR><BR>[Called By]<UL><LI><a href="#[36]">&gt;&gt;</a>&nbsp;&nbsp;&nbsp;__user_setup_stackheap
</UL>

<P><STRONG><a name="[92]"></a>__user_perthread_libspace</STRONG> (Thumb, 0 bytes, Stack size 0 bytes, libspace.o(.text), UNUSED)

<P><STRONG><a name="[3f]"></a>_sys_exit</STRONG> (Thumb, 8 bytes, Stack size 0 bytes, sys_exit.o(.text))
<BR><BR>[Called By]<UL><LI><a href="#[3e]">&gt;&gt;</a>&nbsp;&nbsp;&nbsp;__rt_exit_exit
</UL>

<P><STRONG><a name="[93]"></a>__I$use$semihosting</STRONG> (Thumb, 0 bytes, Stack size 0 bytes, use_no_semi.o(.text), UNUSED)

<P><STRONG><a name="[94]"></a>__use_no_semihosting_swi</STRONG> (Thumb, 2 bytes, Stack size 0 bytes, use_no_semi.o(.text), UNUSED)

<P><STRONG><a name="[95]"></a>__decompress</STRONG> (Thumb, 0 bytes, Stack size unknown bytes, __dclz77c.o(.text), UNUSED)

<P><STRONG><a name="[96]"></a>__decompress2</STRONG> (Thumb, 96 bytes, Stack size unknown bytes, __dclz77c.o(.text), UNUSED)

<P><STRONG><a name="[97]"></a>__semihosting_library_function</STRONG> (Thumb, 0 bytes, Stack size unknown bytes, indicate_semi.o(.text), UNUSED)

<P><STRONG><a name="[2d]"></a>Animation_delay</STRONG> (Thumb, 8 bytes, Stack size 0 bytes, animation.o(i.Animation_delay))
<BR>[Address Reference Count : 1]<UL><LI> main.o(i.main)
</UL>
<P><STRONG><a name="[43]"></a>BAR_Refresh</STRONG> (Thumb, 266 bytes, Stack size 40 bytes, animation.o(i.BAR_Refresh))
<BR><BR>[Stack]<UL><LI>Max Depth = 40<LI>Call Chain = BAR_Refresh
</UL>
<BR>[Calls]<UL><LI><a href="#[44]">&gt;&gt;</a>&nbsp;&nbsp;&nbsp;__aeabi_uidivmod
</UL>
<BR>[Called By]<UL><LI><a href="#[3a]">&gt;&gt;</a>&nbsp;&nbsp;&nbsp;main
</UL>

<P><STRONG><a name="[2c]"></a>BAR_tick_add</STRONG> (Thumb, 12 bytes, Stack size 0 bytes, animation.o(i.BAR_tick_add))
<BR>[Address Reference Count : 1]<UL><LI> main.o(i.main)
</UL>
<P><STRONG><a name="[b]"></a>BOD_IRQHandler</STRONG> (Thumb, 36 bytes, Stack size 8 bytes, drvsys.o(i.BOD_IRQHandler))
<BR><BR>[Stack]<UL><LI>Max Depth = 8<LI>Call Chain = BOD_IRQHandler
</UL>
<BR>[Address Reference Count : 1]<UL><LI> startup_nuc1xx.o(RESET)
</UL>
<P><STRONG><a name="[2b]"></a>CAT_animation</STRONG> (Thumb, 128 bytes, Stack size 8 bytes, animation.o(i.CAT_animation))
<BR><BR>[Stack]<UL><LI>Max Depth = 8<LI>Call Chain = CAT_animation
</UL>
<BR>[Calls]<UL><LI><a href="#[44]">&gt;&gt;</a>&nbsp;&nbsp;&nbsp;__aeabi_uidivmod
</UL>
<BR>[Address Reference Count : 1]<UL><LI> main.o(i.main)
</UL>
<P><STRONG><a name="[5c]"></a>DrvGPIO_ClrBit</STRONG> (Thumb, 36 bytes, Stack size 8 bytes, drvgpio.o(i.DrvGPIO_ClrBit))
<BR><BR>[Stack]<UL><LI>Max Depth = 8<LI>Call Chain = DrvGPIO_ClrBit
</UL>
<BR>[Called By]<UL><LI><a href="#[5a]">&gt;&gt;</a>&nbsp;&nbsp;&nbsp;Scankey
</UL>

<P><STRONG><a name="[5e]"></a>DrvGPIO_GetBit</STRONG> (Thumb, 36 bytes, Stack size 8 bytes, drvgpio.o(i.DrvGPIO_GetBit))
<BR><BR>[Stack]<UL><LI>Max Depth = 8<LI>Call Chain = DrvGPIO_GetBit
</UL>
<BR>[Called By]<UL><LI><a href="#[5a]">&gt;&gt;</a>&nbsp;&nbsp;&nbsp;Scankey
</UL>

<P><STRONG><a name="[46]"></a>DrvGPIO_InitFunction</STRONG> (Thumb, 1864 bytes, Stack size 8 bytes, drvgpio.o(i.DrvGPIO_InitFunction))
<BR><BR>[Stack]<UL><LI>Max Depth = 16<LI>Call Chain = DrvGPIO_InitFunction &rArr; __ARM_common_switch8
</UL>
<BR>[Calls]<UL><LI><a href="#[47]">&gt;&gt;</a>&nbsp;&nbsp;&nbsp;__ARM_common_switch8
</UL>
<BR>[Called By]<UL><LI><a href="#[55]">&gt;&gt;</a>&nbsp;&nbsp;&nbsp;DrvTIMER_Open
</UL>

<P><STRONG><a name="[59]"></a>DrvGPIO_Open</STRONG> (Thumb, 126 bytes, Stack size 16 bytes, drvgpio.o(i.DrvGPIO_Open))
<BR><BR>[Stack]<UL><LI>Max Depth = 16<LI>Call Chain = DrvGPIO_Open
</UL>
<BR>[Called By]<UL><LI><a href="#[58]">&gt;&gt;</a>&nbsp;&nbsp;&nbsp;OpenKeyPad
</UL>

<P><STRONG><a name="[5b]"></a>DrvGPIO_SetBit</STRONG> (Thumb, 36 bytes, Stack size 8 bytes, drvgpio.o(i.DrvGPIO_SetBit))
<BR><BR>[Stack]<UL><LI>Max Depth = 8<LI>Call Chain = DrvGPIO_SetBit
</UL>
<BR>[Called By]<UL><LI><a href="#[5a]">&gt;&gt;</a>&nbsp;&nbsp;&nbsp;Scankey
</UL>

<P><STRONG><a name="[57]"></a>DrvSYS_GetExtClockFreq</STRONG> (Thumb, 4 bytes, Stack size 0 bytes, drvsys.o(i.DrvSYS_GetExtClockFreq))
<BR><BR>[Called By]<UL><LI><a href="#[56]">&gt;&gt;</a>&nbsp;&nbsp;&nbsp;GetTimerClock
</UL>

<P><STRONG><a name="[48]"></a>DrvSYS_GetHCLKFreq</STRONG> (Thumb, 94 bytes, Stack size 16 bytes, drvsys.o(i.DrvSYS_GetHCLKFreq))
<BR><BR>[Stack]<UL><LI>Max Depth = 48<LI>Call Chain = DrvSYS_GetHCLKFreq &rArr; DrvSYS_GetPLLClockFreq
</UL>
<BR>[Calls]<UL><LI><a href="#[49]">&gt;&gt;</a>&nbsp;&nbsp;&nbsp;DrvSYS_GetPLLClockFreq
<LI><a href="#[44]">&gt;&gt;</a>&nbsp;&nbsp;&nbsp;__aeabi_uidivmod
</UL>
<BR>[Called By]<UL><LI><a href="#[56]">&gt;&gt;</a>&nbsp;&nbsp;&nbsp;GetTimerClock
</UL>

<P><STRONG><a name="[49]"></a>DrvSYS_GetPLLClockFreq</STRONG> (Thumb, 104 bytes, Stack size 32 bytes, drvsys.o(i.DrvSYS_GetPLLClockFreq))
<BR><BR>[Stack]<UL><LI>Max Depth = 32<LI>Call Chain = DrvSYS_GetPLLClockFreq
</UL>
<BR>[Calls]<UL><LI><a href="#[44]">&gt;&gt;</a>&nbsp;&nbsp;&nbsp;__aeabi_uidivmod
</UL>
<BR>[Called By]<UL><LI><a href="#[48]">&gt;&gt;</a>&nbsp;&nbsp;&nbsp;DrvSYS_GetHCLKFreq
</UL>

<P><STRONG><a name="[4a]"></a>DrvSYS_GetPLLContent</STRONG> (Thumb, 168 bytes, Stack size 40 bytes, drvsys.o(i.DrvSYS_GetPLLContent))
<BR><BR>[Stack]<UL><LI>Max Depth = 40<LI>Call Chain = DrvSYS_GetPLLContent
</UL>
<BR>[Calls]<UL><LI><a href="#[44]">&gt;&gt;</a>&nbsp;&nbsp;&nbsp;__aeabi_uidivmod
</UL>
<BR>[Called By]<UL><LI><a href="#[4b]">&gt;&gt;</a>&nbsp;&nbsp;&nbsp;DrvSYS_Open
</UL>

<P><STRONG><a name="[4c]"></a>DrvSYS_IsProtectedRegLocked</STRONG> (Thumb, 10 bytes, Stack size 0 bytes, drvsys.o(i.DrvSYS_IsProtectedRegLocked))
<BR><BR>[Called By]<UL><LI><a href="#[4b]">&gt;&gt;</a>&nbsp;&nbsp;&nbsp;DrvSYS_Open
</UL>

<P><STRONG><a name="[4b]"></a>DrvSYS_Open</STRONG> (Thumb, 174 bytes, Stack size 24 bytes, drvsys.o(i.DrvSYS_Open))
<BR><BR>[Stack]<UL><LI>Max Depth = 64<LI>Call Chain = DrvSYS_Open &rArr; DrvSYS_GetPLLContent
</UL>
<BR>[Calls]<UL><LI><a href="#[4d]">&gt;&gt;</a>&nbsp;&nbsp;&nbsp;DrvSYS_SetPLLContent
<LI><a href="#[4e]">&gt;&gt;</a>&nbsp;&nbsp;&nbsp;DrvSYS_SelectHCLKSource
<LI><a href="#[4c]">&gt;&gt;</a>&nbsp;&nbsp;&nbsp;DrvSYS_IsProtectedRegLocked
<LI><a href="#[4a]">&gt;&gt;</a>&nbsp;&nbsp;&nbsp;DrvSYS_GetPLLContent
</UL>
<BR>[Called By]<UL><LI><a href="#[3a]">&gt;&gt;</a>&nbsp;&nbsp;&nbsp;main
</UL>

<P><STRONG><a name="[4e]"></a>DrvSYS_SelectHCLKSource</STRONG> (Thumb, 46 bytes, Stack size 8 bytes, drvsys.o(i.DrvSYS_SelectHCLKSource))
<BR><BR>[Stack]<UL><LI>Max Depth = 24<LI>Call Chain = DrvSYS_SelectHCLKSource &rArr; SystemCoreClockUpdate
</UL>
<BR>[Calls]<UL><LI><a href="#[4f]">&gt;&gt;</a>&nbsp;&nbsp;&nbsp;SystemCoreClockUpdate
</UL>
<BR>[Called By]<UL><LI><a href="#[4b]">&gt;&gt;</a>&nbsp;&nbsp;&nbsp;DrvSYS_Open
</UL>

<P><STRONG><a name="[4d]"></a>DrvSYS_SetPLLContent</STRONG> (Thumb, 72 bytes, Stack size 0 bytes, drvsys.o(i.DrvSYS_SetPLLContent))
<BR><BR>[Called By]<UL><LI><a href="#[4b]">&gt;&gt;</a>&nbsp;&nbsp;&nbsp;DrvSYS_Open
</UL>

<P><STRONG><a name="[50]"></a>DrvTIMER_DisableInt</STRONG> (Thumb, 64 bytes, Stack size 16 bytes, drvtimer.o(i.DrvTIMER_DisableInt))
<BR><BR>[Stack]<UL><LI>Max Depth = 16<LI>Call Chain = DrvTIMER_DisableInt
</UL>
<BR>[Calls]<UL><LI><a href="#[51]">&gt;&gt;</a>&nbsp;&nbsp;&nbsp;NVIC_DisableIRQ
</UL>
<BR>[Called By]<UL><LI><a href="#[3a]">&gt;&gt;</a>&nbsp;&nbsp;&nbsp;main
</UL>

<P><STRONG><a name="[52]"></a>DrvTIMER_EnableInt</STRONG> (Thumb, 78 bytes, Stack size 16 bytes, drvtimer.o(i.DrvTIMER_EnableInt))
<BR><BR>[Stack]<UL><LI>Max Depth = 24<LI>Call Chain = DrvTIMER_EnableInt &rArr; NVIC_SetPriority
</UL>
<BR>[Calls]<UL><LI><a href="#[53]">&gt;&gt;</a>&nbsp;&nbsp;&nbsp;NVIC_SetPriority
<LI><a href="#[54]">&gt;&gt;</a>&nbsp;&nbsp;&nbsp;NVIC_EnableIRQ
</UL>
<BR>[Called By]<UL><LI><a href="#[3a]">&gt;&gt;</a>&nbsp;&nbsp;&nbsp;main
</UL>

<P><STRONG><a name="[63]"></a>DrvTIMER_Init</STRONG> (Thumb, 20 bytes, Stack size 0 bytes, drvtimer.o(i.DrvTIMER_Init))
<BR><BR>[Called By]<UL><LI><a href="#[3a]">&gt;&gt;</a>&nbsp;&nbsp;&nbsp;main
</UL>

<P><STRONG><a name="[55]"></a>DrvTIMER_Open</STRONG> (Thumb, 660 bytes, Stack size 40 bytes, drvtimer.o(i.DrvTIMER_Open))
<BR><BR>[Stack]<UL><LI>Max Depth = 104<LI>Call Chain = DrvTIMER_Open &rArr; GetTimerClock &rArr; DrvSYS_GetHCLKFreq &rArr; DrvSYS_GetPLLClockFreq
</UL>
<BR>[Calls]<UL><LI><a href="#[46]">&gt;&gt;</a>&nbsp;&nbsp;&nbsp;DrvGPIO_InitFunction
<LI><a href="#[56]">&gt;&gt;</a>&nbsp;&nbsp;&nbsp;GetTimerClock
<LI><a href="#[45]">&gt;&gt;</a>&nbsp;&nbsp;&nbsp;CalTimerInitValue
</UL>
<BR>[Called By]<UL><LI><a href="#[3a]">&gt;&gt;</a>&nbsp;&nbsp;&nbsp;main
</UL>

<P><STRONG><a name="[65]"></a>DrvTIMER_SetTimerEvent</STRONG> (Thumb, 548 bytes, Stack size 24 bytes, drvtimer.o(i.DrvTIMER_SetTimerEvent))
<BR><BR>[Stack]<UL><LI>Max Depth = 24<LI>Call Chain = DrvTIMER_SetTimerEvent
</UL>
<BR>[Called By]<UL><LI><a href="#[3a]">&gt;&gt;</a>&nbsp;&nbsp;&nbsp;main
</UL>

<P><STRONG><a name="[66]"></a>DrvTIMER_Start</STRONG> (Thumb, 54 bytes, Stack size 0 bytes, drvtimer.o(i.DrvTIMER_Start))
<BR><BR>[Called By]<UL><LI><a href="#[3a]">&gt;&gt;</a>&nbsp;&nbsp;&nbsp;main
</UL>

<P><STRONG><a name="[d]"></a>EINT0_IRQHandler</STRONG> (Thumb, 26 bytes, Stack size 8 bytes, drvgpio.o(i.EINT0_IRQHandler))
<BR><BR>[Stack]<UL><LI>Max Depth = 8<LI>Call Chain = EINT0_IRQHandler
</UL>
<BR>[Address Reference Count : 1]<UL><LI> startup_nuc1xx.o(RESET)
</UL>
<P><STRONG><a name="[e]"></a>EINT1_IRQHandler</STRONG> (Thumb, 26 bytes, Stack size 8 bytes, drvgpio.o(i.EINT1_IRQHandler))
<BR><BR>[Stack]<UL><LI>Max Depth = 8<LI>Call Chain = EINT1_IRQHandler
</UL>
<BR>[Address Reference Count : 1]<UL><LI> startup_nuc1xx.o(RESET)
</UL>
<P><STRONG><a name="[f]"></a>GPAB_IRQHandler</STRONG> (Thumb, 60 bytes, Stack size 16 bytes, drvgpio.o(i.GPAB_IRQHandler))
<BR><BR>[Stack]<UL><LI>Max Depth = 16<LI>Call Chain = GPAB_IRQHandler
</UL>
<BR>[Address Reference Count : 1]<UL><LI> startup_nuc1xx.o(RESET)
</UL>
<P><STRONG><a name="[10]"></a>GPCDE_IRQHandler</STRONG> (Thumb, 68 bytes, Stack size 16 bytes, drvgpio.o(i.GPCDE_IRQHandler))
<BR><BR>[Stack]<UL><LI>Max Depth = 16<LI>Call Chain = GPCDE_IRQHandler
</UL>
<BR>[Address Reference Count : 1]<UL><LI> startup_nuc1xx.o(RESET)
</UL>
<P><STRONG><a name="[64]"></a>Initial_panel</STRONG> (Thumb, 526 bytes, Stack size 0 bytes, lcd_driver.o(i.Initial_panel))
<BR><BR>[Called By]<UL><LI><a href="#[3a]">&gt;&gt;</a>&nbsp;&nbsp;&nbsp;main
</UL>

<P><STRONG><a name="[67]"></a>LCD_output</STRONG> (Thumb, 590 bytes, Stack size 36 bytes, lcd_function.o(i.LCD_output))
<BR><BR>[Stack]<UL><LI>Max Depth = 36<LI>Call Chain = LCD_output
</UL>
<BR>[Called By]<UL><LI><a href="#[3a]">&gt;&gt;</a>&nbsp;&nbsp;&nbsp;main
</UL>

<P><STRONG><a name="[58]"></a>OpenKeyPad</STRONG> (Thumb, 26 bytes, Stack size 8 bytes, scankey.o(i.OpenKeyPad))
<BR><BR>[Stack]<UL><LI>Max Depth = 24<LI>Call Chain = OpenKeyPad &rArr; DrvGPIO_Open
</UL>
<BR>[Calls]<UL><LI><a href="#[59]">&gt;&gt;</a>&nbsp;&nbsp;&nbsp;DrvGPIO_Open
</UL>
<BR>[Called By]<UL><LI><a href="#[3a]">&gt;&gt;</a>&nbsp;&nbsp;&nbsp;main
</UL>

<P><STRONG><a name="[26]"></a>PWRWU_IRQHandler</STRONG> (Thumb, 32 bytes, Stack size 8 bytes, drvsys.o(i.PWRWU_IRQHandler))
<BR><BR>[Stack]<UL><LI>Max Depth = 8<LI>Call Chain = PWRWU_IRQHandler
</UL>
<BR>[Address Reference Count : 1]<UL><LI> startup_nuc1xx.o(RESET)
</UL>
<P><STRONG><a name="[5a]"></a>Scankey</STRONG> (Thumb, 126 bytes, Stack size 24 bytes, scankey.o(i.Scankey))
<BR><BR>[Stack]<UL><LI>Max Depth = 32<LI>Call Chain = Scankey &rArr; DrvGPIO_SetBit
</UL>
<BR>[Calls]<UL><LI><a href="#[5b]">&gt;&gt;</a>&nbsp;&nbsp;&nbsp;DrvGPIO_SetBit
<LI><a href="#[5e]">&gt;&gt;</a>&nbsp;&nbsp;&nbsp;DrvGPIO_GetBit
<LI><a href="#[5c]">&gt;&gt;</a>&nbsp;&nbsp;&nbsp;DrvGPIO_ClrBit
<LI><a href="#[5d]">&gt;&gt;</a>&nbsp;&nbsp;&nbsp;delay
</UL>
<BR>[Called By]<UL><LI><a href="#[3a]">&gt;&gt;</a>&nbsp;&nbsp;&nbsp;main
</UL>

<P><STRONG><a name="[60]"></a>SetPACA</STRONG> (Thumb, 240 bytes, Stack size 0 bytes, lcd_driver.o(i.SetPACA))
<BR><BR>[Called By]<UL><LI><a href="#[62]">&gt;&gt;</a>&nbsp;&nbsp;&nbsp;draw_LCD
<LI><a href="#[5f]">&gt;&gt;</a>&nbsp;&nbsp;&nbsp;clr_all_panel
</UL>

<P><STRONG><a name="[4f]"></a>SystemCoreClockUpdate</STRONG> (Thumb, 132 bytes, Stack size 16 bytes, system_nuc1xx.o(i.SystemCoreClockUpdate))
<BR><BR>[Stack]<UL><LI>Max Depth = 16<LI>Call Chain = SystemCoreClockUpdate
</UL>
<BR>[Calls]<UL><LI><a href="#[44]">&gt;&gt;</a>&nbsp;&nbsp;&nbsp;__aeabi_uidivmod
</UL>
<BR>[Called By]<UL><LI><a href="#[4e]">&gt;&gt;</a>&nbsp;&nbsp;&nbsp;DrvSYS_SelectHCLKSource
</UL>

<P><STRONG><a name="[29]"></a>SystemInit</STRONG> (Thumb, 2 bytes, Stack size 0 bytes, system_nuc1xx.o(i.SystemInit))
<BR>[Address Reference Count : 1]<UL><LI> startup_nuc1xx.o(.text)
</UL>
<P><STRONG><a name="[13]"></a>TMR0_IRQHandler</STRONG> (Thumb, 144 bytes, Stack size 8 bytes, drvtimer.o(i.TMR0_IRQHandler))
<BR><BR>[Stack]<UL><LI>Max Depth = 8<LI>Call Chain = TMR0_IRQHandler
</UL>
<BR>[Address Reference Count : 1]<UL><LI> startup_nuc1xx.o(RESET)
</UL>
<P><STRONG><a name="[14]"></a>TMR1_IRQHandler</STRONG> (Thumb, 144 bytes, Stack size 8 bytes, drvtimer.o(i.TMR1_IRQHandler))
<BR><BR>[Stack]<UL><LI>Max Depth = 8<LI>Call Chain = TMR1_IRQHandler
</UL>
<BR>[Address Reference Count : 1]<UL><LI> startup_nuc1xx.o(RESET)
</UL>
<P><STRONG><a name="[15]"></a>TMR2_IRQHandler</STRONG> (Thumb, 144 bytes, Stack size 8 bytes, drvtimer.o(i.TMR2_IRQHandler))
<BR><BR>[Stack]<UL><LI>Max Depth = 8<LI>Call Chain = TMR2_IRQHandler
</UL>
<BR>[Address Reference Count : 1]<UL><LI> startup_nuc1xx.o(RESET)
</UL>
<P><STRONG><a name="[16]"></a>TMR3_IRQHandler</STRONG> (Thumb, 144 bytes, Stack size 8 bytes, drvtimer.o(i.TMR3_IRQHandler))
<BR><BR>[Stack]<UL><LI>Max Depth = 8<LI>Call Chain = TMR3_IRQHandler
</UL>
<BR>[Address Reference Count : 1]<UL><LI> startup_nuc1xx.o(RESET)
</UL>
<P><STRONG><a name="[c]"></a>WDT_IRQHandler</STRONG> (Thumb, 44 bytes, Stack size 8 bytes, drvtimer.o(i.WDT_IRQHandler))
<BR><BR>[Stack]<UL><LI>Max Depth = 8<LI>Call Chain = WDT_IRQHandler
</UL>
<BR>[Address Reference Count : 1]<UL><LI> startup_nuc1xx.o(RESET)
</UL>
<P><STRONG><a name="[61]"></a>WriteData</STRONG> (Thumb, 82 bytes, Stack size 0 bytes, lcd_driver.o(i.WriteData))
<BR><BR>[Called By]<UL><LI><a href="#[62]">&gt;&gt;</a>&nbsp;&nbsp;&nbsp;draw_LCD
<LI><a href="#[5f]">&gt;&gt;</a>&nbsp;&nbsp;&nbsp;clr_all_panel
</UL>

<P><STRONG><a name="[47]"></a>__ARM_common_switch8</STRONG> (Thumb, 28 bytes, Stack size 8 bytes, drvsys.o(i.__ARM_common_switch8))
<BR><BR>[Stack]<UL><LI>Max Depth = 8<LI>Call Chain = __ARM_common_switch8
</UL>
<BR>[Called By]<UL><LI><a href="#[46]">&gt;&gt;</a>&nbsp;&nbsp;&nbsp;DrvGPIO_InitFunction
</UL>

<P><STRONG><a name="[5f]"></a>clr_all_panel</STRONG> (Thumb, 40 bytes, Stack size 8 bytes, lcd_driver.o(i.clr_all_panel))
<BR><BR>[Stack]<UL><LI>Max Depth = 8<LI>Call Chain = clr_all_panel
</UL>
<BR>[Calls]<UL><LI><a href="#[61]">&gt;&gt;</a>&nbsp;&nbsp;&nbsp;WriteData
<LI><a href="#[60]">&gt;&gt;</a>&nbsp;&nbsp;&nbsp;SetPACA
</UL>
<BR>[Called By]<UL><LI><a href="#[3a]">&gt;&gt;</a>&nbsp;&nbsp;&nbsp;main
</UL>

<P><STRONG><a name="[5d]"></a>delay</STRONG> (Thumb, 16 bytes, Stack size 0 bytes, scankey.o(i.delay))
<BR><BR>[Called By]<UL><LI><a href="#[5a]">&gt;&gt;</a>&nbsp;&nbsp;&nbsp;Scankey
</UL>

<P><STRONG><a name="[62]"></a>draw_LCD</STRONG> (Thumb, 60 bytes, Stack size 24 bytes, lcd_driver.o(i.draw_LCD))
<BR><BR>[Stack]<UL><LI>Max Depth = 24<LI>Call Chain = draw_LCD
</UL>
<BR>[Calls]<UL><LI><a href="#[61]">&gt;&gt;</a>&nbsp;&nbsp;&nbsp;WriteData
<LI><a href="#[60]">&gt;&gt;</a>&nbsp;&nbsp;&nbsp;SetPACA
</UL>
<BR>[Called By]<UL><LI><a href="#[3a]">&gt;&gt;</a>&nbsp;&nbsp;&nbsp;main
</UL>

<P><STRONG><a name="[3a]"></a>main</STRONG> (Thumb, 630 bytes, Stack size 0 bytes, main.o(i.main))
<BR><BR>[Stack]<UL><LI>Max Depth = 104<LI>Call Chain = main &rArr; DrvTIMER_Open &rArr; GetTimerClock &rArr; DrvSYS_GetHCLKFreq &rArr; DrvSYS_GetPLLClockFreq
</UL>
<BR>[Calls]<UL><LI><a href="#[62]">&gt;&gt;</a>&nbsp;&nbsp;&nbsp;draw_LCD
<LI><a href="#[5f]">&gt;&gt;</a>&nbsp;&nbsp;&nbsp;clr_all_panel
<LI><a href="#[5a]">&gt;&gt;</a>&nbsp;&nbsp;&nbsp;Scankey
<LI><a href="#[58]">&gt;&gt;</a>&nbsp;&nbsp;&nbsp;OpenKeyPad
<LI><a href="#[67]">&gt;&gt;</a>&nbsp;&nbsp;&nbsp;LCD_output
<LI><a href="#[64]">&gt;&gt;</a>&nbsp;&nbsp;&nbsp;Initial_panel
<LI><a href="#[66]">&gt;&gt;</a>&nbsp;&nbsp;&nbsp;DrvTIMER_Start
<LI><a href="#[65]">&gt;&gt;</a>&nbsp;&nbsp;&nbsp;DrvTIMER_SetTimerEvent
<LI><a href="#[55]">&gt;&gt;</a>&nbsp;&nbsp;&nbsp;DrvTIMER_Open
<LI><a href="#[63]">&gt;&gt;</a>&nbsp;&nbsp;&nbsp;DrvTIMER_Init
<LI><a href="#[52]">&gt;&gt;</a>&nbsp;&nbsp;&nbsp;DrvTIMER_EnableInt
<LI><a href="#[50]">&gt;&gt;</a>&nbsp;&nbsp;&nbsp;DrvTIMER_DisableInt
<LI><a href="#[4b]">&gt;&gt;</a>&nbsp;&nbsp;&nbsp;DrvSYS_Open
<LI><a href="#[43]">&gt;&gt;</a>&nbsp;&nbsp;&nbsp;BAR_Refresh
<LI><a href="#[44]">&gt;&gt;</a>&nbsp;&nbsp;&nbsp;__aeabi_uidivmod
</UL>
<BR>[Called By]<UL><LI><a href="#[39]">&gt;&gt;</a>&nbsp;&nbsp;&nbsp;__rt_entry_main
</UL>
<P>
<H3>
Local Symbols
</H3>
<P><STRONG><a name="[20]"></a>Default_Handler</STRONG> (Thumb, 2 bytes, Stack size 0 bytes, startup_nuc1xx.o(.text))
<BR><BR>[Calls]<UL><LI><a href="#[20]">&gt;&gt;</a>&nbsp;&nbsp;&nbsp;Default_Handler
</UL>
<BR>[Called By]<UL><LI><a href="#[20]">&gt;&gt;</a>&nbsp;&nbsp;&nbsp;Default_Handler
</UL>
<BR>[Address Reference Count : 1]<UL><LI> startup_nuc1xx.o(RESET)
</UL>
<P><STRONG><a name="[45]"></a>CalTimerInitValue</STRONG> (Thumb, 70 bytes, Stack size 24 bytes, drvtimer.o(i.CalTimerInitValue))
<BR><BR>[Stack]<UL><LI>Max Depth = 24<LI>Call Chain = CalTimerInitValue
</UL>
<BR>[Calls]<UL><LI><a href="#[44]">&gt;&gt;</a>&nbsp;&nbsp;&nbsp;__aeabi_uidivmod
</UL>
<BR>[Called By]<UL><LI><a href="#[55]">&gt;&gt;</a>&nbsp;&nbsp;&nbsp;DrvTIMER_Open
</UL>

<P><STRONG><a name="[56]"></a>GetTimerClock</STRONG> (Thumb, 114 bytes, Stack size 16 bytes, drvtimer.o(i.GetTimerClock))
<BR><BR>[Stack]<UL><LI>Max Depth = 64<LI>Call Chain = GetTimerClock &rArr; DrvSYS_GetHCLKFreq &rArr; DrvSYS_GetPLLClockFreq
</UL>
<BR>[Calls]<UL><LI><a href="#[48]">&gt;&gt;</a>&nbsp;&nbsp;&nbsp;DrvSYS_GetHCLKFreq
<LI><a href="#[57]">&gt;&gt;</a>&nbsp;&nbsp;&nbsp;DrvSYS_GetExtClockFreq
</UL>
<BR>[Called By]<UL><LI><a href="#[55]">&gt;&gt;</a>&nbsp;&nbsp;&nbsp;DrvTIMER_Open
</UL>

<P><STRONG><a name="[51]"></a>NVIC_DisableIRQ</STRONG> (Thumb, 14 bytes, Stack size 0 bytes, drvtimer.o(i.NVIC_DisableIRQ))
<BR><BR>[Called By]<UL><LI><a href="#[50]">&gt;&gt;</a>&nbsp;&nbsp;&nbsp;DrvTIMER_DisableInt
</UL>

<P><STRONG><a name="[54]"></a>NVIC_EnableIRQ</STRONG> (Thumb, 14 bytes, Stack size 0 bytes, drvtimer.o(i.NVIC_EnableIRQ))
<BR><BR>[Called By]<UL><LI><a href="#[52]">&gt;&gt;</a>&nbsp;&nbsp;&nbsp;DrvTIMER_EnableInt
</UL>

<P><STRONG><a name="[53]"></a>NVIC_SetPriority</STRONG> (Thumb, 110 bytes, Stack size 8 bytes, drvtimer.o(i.NVIC_SetPriority))
<BR><BR>[Stack]<UL><LI>Max Depth = 8<LI>Call Chain = NVIC_SetPriority
</UL>
<BR>[Called By]<UL><LI><a href="#[52]">&gt;&gt;</a>&nbsp;&nbsp;&nbsp;DrvTIMER_EnableInt
</UL>
<P>
<H3>
Undefined Global Symbols
</H3>
<P><STRONG><a name="[41]"></a>_call_atexit_fns</STRONG> (ARM, 0 bytes, Stack size 0 bytes, UNDEFINED)
<BR><BR>[Called By]<UL><LI><a href="#[3b]">&gt;&gt;</a>&nbsp;&nbsp;&nbsp;exit
</UL>
<HR></body></html>
