Component: ARM Compiler 5.06 update 6 (build 750) Tool: armlink [4d35ed]

==============================================================================

Section Cross References

    startup_nuc1xx.o(STACK) refers (Special) to heapauxi.o(.text) for __use_two_region_memory
    startup_nuc1xx.o(HEAP) refers (Special) to heapauxi.o(.text) for __use_two_region_memory
    startup_nuc1xx.o(RESET) refers (Special) to heapauxi.o(.text) for __use_two_region_memory
    startup_nuc1xx.o(RESET) refers to startup_nuc1xx.o(STACK) for __initial_sp
    startup_nuc1xx.o(RESET) refers to startup_nuc1xx.o(.text) for Reset_Handler
    startup_nuc1xx.o(RESET) refers to drvsys.o(i.BOD_IRQHandler) for BOD_IRQHandler
    startup_nuc1xx.o(RESET) refers to drvtimer.o(i.WDT_IRQHandler) for WDT_IRQHandler
    startup_nuc1xx.o(RESET) refers to drvgpio.o(i.EINT0_IRQHandler) for EINT0_IRQHandler
    startup_nuc1xx.o(RESET) refers to drvgpio.o(i.EINT1_IRQHandler) for EINT1_IRQHandler
    startup_nuc1xx.o(RESET) refers to drvgpio.o(i.GPAB_IRQHandler) for GPAB_IRQHandler
    startup_nuc1xx.o(RESET) refers to drvgpio.o(i.GPCDE_IRQHandler) for GPCDE_IRQHandler
    startup_nuc1xx.o(RESET) refers to drvtimer.o(i.TMR0_IRQHandler) for TMR0_IRQHandler
    startup_nuc1xx.o(RESET) refers to drvtimer.o(i.TMR1_IRQHandler) for TMR1_IRQHandler
    startup_nuc1xx.o(RESET) refers to drvtimer.o(i.TMR2_IRQHandler) for TMR2_IRQHandler
    startup_nuc1xx.o(RESET) refers to drvtimer.o(i.TMR3_IRQHandler) for TMR3_IRQHandler
    startup_nuc1xx.o(RESET) refers to drvsys.o(i.PWRWU_IRQHandler) for PWRWU_IRQHandler
    startup_nuc1xx.o(.text) refers (Special) to heapauxi.o(.text) for __use_two_region_memory
    startup_nuc1xx.o(.text) refers to system_nuc1xx.o(i.SystemInit) for SystemInit
    startup_nuc1xx.o(.text) refers to __main.o(!!!main) for __main
    startup_nuc1xx.o(.text) refers to startup_nuc1xx.o(HEAP) for Heap_Mem
    startup_nuc1xx.o(.text) refers to startup_nuc1xx.o(STACK) for Stack_Mem
    system_nuc1xx.o(i.SystemCoreClockUpdate) refers to aeabi_sdiv.o(.text) for __aeabi_uidivmod
    system_nuc1xx.o(i.SystemCoreClockUpdate) refers to system_nuc1xx.o(.data) for gau32ClkSrcTbl
    main.o(i.main) refers to drvsys.o(i.DrvSYS_Open) for DrvSYS_Open
    main.o(i.main) refers to drvtimer.o(i.DrvTIMER_Init) for DrvTIMER_Init
    main.o(i.main) refers to lcd_driver.o(i.Initial_panel) for Initial_panel
    main.o(i.main) refers to lcd_driver.o(i.clr_all_panel) for clr_all_panel
    main.o(i.main) refers to scankey.o(i.OpenKeyPad) for OpenKeyPad
    main.o(i.main) refers to drvtimer.o(i.DrvTIMER_Open) for DrvTIMER_Open
    main.o(i.main) refers to drvtimer.o(i.DrvTIMER_EnableInt) for DrvTIMER_EnableInt
    main.o(i.main) refers to drvtimer.o(i.DrvTIMER_SetTimerEvent) for DrvTIMER_SetTimerEvent
    main.o(i.main) refers to drvtimer.o(i.DrvTIMER_Start) for DrvTIMER_Start
    main.o(i.main) refers to animation.o(i.BAR_Refresh) for BAR_Refresh
    main.o(i.main) refers to aeabi_sdiv.o(.text) for __aeabi_uidivmod
    main.o(i.main) refers to lcd_function.o(i.LCD_output) for LCD_output
    main.o(i.main) refers to lcd_driver.o(i.draw_LCD) for draw_LCD
    main.o(i.main) refers to drvtimer.o(i.DrvTIMER_DisableInt) for DrvTIMER_DisableInt
    main.o(i.main) refers to scankey.o(i.Scankey) for Scankey
    main.o(i.main) refers to animation.o(i.CAT_animation) for CAT_animation
    main.o(i.main) refers to animation.o(i.BAR_tick_add) for BAR_tick_add
    main.o(i.main) refers to animation.o(i.Animation_delay) for Animation_delay
    main.o(i.main) refers to varible.o(.data) for happiness
    animation.o(i.Animation_delay) refers to varible.o(.data) for delay_flag
    animation.o(i.BAR_Refresh) refers to aeabi_sdiv.o(.text) for __aeabi_uidivmod
    animation.o(i.BAR_Refresh) refers to varible.o(.data) for CH_select
    animation.o(i.BAR_tick_add) refers to varible.o(.data) for bar_tick
    animation.o(i.CAT_animation) refers to aeabi_sdiv.o(.text) for __aeabi_uidivmod
    animation.o(i.CAT_animation) refers to varible.o(.data) for level
    animation.o(i.CAT_animation) refers to animation.o(.data) for cat_select
    lcd_function.o(i.LCD_output) refers to lcd_function.o(.bss) for LCD_output_temp
    lcd_function.o(i.LCD_output) refers to varible.o(.data) for LCD_OUTPUT_CONST
    drvsys.o(i.BOD_IRQHandler) refers to drvsys.o(.data) for BOD_callbackFn
    drvsys.o(i.DrvSYS_Delay) refers to system_nuc1xx.o(.data) for CyclesPerUs
    drvsys.o(i.DrvSYS_GetChipClockSourceStatus) refers to drvsys.o(i.__ARM_common_switch8) for __ARM_common_switch8
    drvsys.o(i.DrvSYS_GetHCLKFreq) refers to drvsys.o(i.DrvSYS_GetPLLClockFreq) for DrvSYS_GetPLLClockFreq
    drvsys.o(i.DrvSYS_GetHCLKFreq) refers to aeabi_sdiv.o(.text) for __aeabi_uidivmod
    drvsys.o(i.DrvSYS_GetPLLClockFreq) refers to aeabi_sdiv.o(.text) for __aeabi_uidivmod
    drvsys.o(i.DrvSYS_GetPLLClockFreq) refers to drvsys.o(.constdata) for .constdata
[...]
    drvsys.o(i.PWRWU_IRQHandler) refers to drvsys.o(.data) for PWRWU_callbackFn
    drvgpio.o(i.DrvGPIO_ClrPortMask) refers to drvgpio.o(i.DrvGPIO_GetPortMask) for DrvGPIO_GetPortMask
    drvgpio.o(i.DrvGPIO_DisableEINT0) refers to drvgpio.o(i.NVIC_DisableIRQ) for NVIC_DisableIRQ
    drvgpio.o(i.DrvGPIO_DisableEINT1) refers to drvgpio.o(i.NVIC_DisableIRQ) for NVIC_DisableIRQ
    drvgpio.o(i.DrvGPIO_DisableInt) refers to drvgpio.o(i.NVIC_DisableIRQ) for NVIC_DisableIRQ
    drvgpio.o(i.DrvGPIO_EnableEINT0) refers to drvgpio.o(i.NVIC_SetPriority) for NVIC_SetPriority
    drvgpio.o(i.DrvGPIO_EnableEINT0) refers to drvgpio.o(i.NVIC_EnableIRQ) for NVIC_EnableIRQ
    drvgpio.o(i.DrvGPIO_EnableEINT0) refers to drvgpio.o(.data) for _pfEINT0Callback
    drvgpio.o(i.DrvGPIO_EnableEINT1) refers to drvgpio.o(i.NVIC_SetPriority) for NVIC_SetPriority
    drvgpio.o(i.DrvGPIO_EnableEINT1) refers to drvgpio.o(i.NVIC_EnableIRQ) for NVIC_EnableIRQ
    drvgpio.o(i.DrvGPIO_EnableEINT1) refers to drvgpio.o(.data) for _pfEINT1Callback
    drvgpio.o(i.DrvGPIO_EnableInt) refers to drvgpio.o(i.NVIC_SetPriority) for NVIC_SetPriority
    drvgpio.o(i.DrvGPIO_EnableInt) refers to drvgpio.o(i.NVIC_EnableIRQ) for NVIC_EnableIRQ
    drvgpio.o(i.DrvGPIO_InitFunction) refers to drvsys.o(i.__ARM_common_switch8) for __ARM_common_switch8
    drvgpio.o(i.DrvGPIO_SetIntCallback) refers to drvgpio.o(.data) for _pfGPABCallback
    drvgpio.o(i.DrvGPIO_SetPortMask) refers to drvgpio.o(i.DrvGPIO_GetPortMask) for DrvGPIO_GetPortMask
    drvgpio.o(i.EINT0_IRQHandler) refers to drvgpio.o(.data) for _pfEINT0Callback
    drvgpio.o(i.EINT1_IRQHandler) refers to drvgpio.o(.data) for _pfEINT1Callback
    drvgpio.o(i.GPAB_IRQHandler) refers to drvgpio.o(.data) for _pfGPABCallback
    drvgpio.o(i.GPCDE_IRQHandler) refers to drvgpio.o(.data) for _pfGPCDECallback
    lcd_driver.o(i.Disable_Buzzer) refers to drvgpio.o(i.DrvGPIO_Open) for DrvGPIO_Open
    lcd_driver.o(i.Disable_Buzzer) refers to drvgpio.o(i.DrvGPIO_SetBit) for DrvGPIO_SetBit
    lcd_driver.o(i.Initial_panel) refers to lcd_driver.o(.data) for SPI_PORT
    lcd_driver.o(i.SetPACA) refers to lcd_driver.o(.data) for SPI_PORT
    lcd_driver.o(i.Show_Word) refers to lcd_driver.o(i.SetPACA) for SetPACA
    lcd_driver.o(i.Show_Word) refers to lcd_driver.o(i.WriteData) for WriteData
    lcd_driver.o(i.Show_Word) refers to ascii_table.o(.data) for Ascii
    lcd_driver.o(i.WriteData) refers to lcd_driver.o(.data) for SPI_PORT
    lcd_driver.o(i.clr_all_panel) refers to lcd_driver.o(i.SetPACA) for SetPACA
    lcd_driver.o(i.clr_all_panel) refers to lcd_driver.o(i.WriteData) for WriteData
    lcd_driver.o(i.draw_LCD) refers to lcd_driver.o(i.SetPACA) for SetPACA
    lcd_driver.o(i.draw_LCD) refers to lcd_driver.o(i.WriteData) for WriteData
    lcd_driver.o(i.draw_Row) refers to lcd_driver.o(i.SetPACA) for SetPACA
    lcd_driver.o(i.draw_Row) refers to lcd_driver.o(i.WriteData) for WriteData
    lcd_driver.o(i.print_lcd) refers to lcd_driver.o(i.Show_Word) for Show_Word
    drvtimer.o(i.CalTimerInitValue) refers to aeabi_sdiv.o(.text) for __aeabi_uidivmod
    drvtimer.o(i.DrvTIMER_ClearCaptureIntFlag) refers to drvtimer.o(.constdata) for CH_OFFSET
    drvtimer.o(i.DrvTIMER_ClearTimerEvent) refers to drvtimer.o(.bss) for tTime0Event
    drvtimer.o(i.DrvTIMER_ClearTimerEvent) refers to drvtimer.o(.data) for uTime0EventCount
    drvtimer.o(i.DrvTIMER_Close) refers to drvtimer.o(i.DrvTIMER_DisableInt) for DrvTIMER_DisableInt
    drvtimer.o(i.DrvTIMER_Close) refers to drvtimer.o(.data) for bIsTimer0Used
    drvtimer.o(i.DrvTIMER_CloseCapture) refers to drvtimer.o(.constdata) for CH_OFFSET
    drvtimer.o(i.DrvTIMER_Delay) refers to drvtimer.o(i.DrvTIMER_GetIntTicks) for DrvTIMER_GetIntTicks
    drvtimer.o(i.DrvTIMER_DisableCapture) refers to drvtimer.o(.constdata) for CH_OFFSET
    drvtimer.o(i.DrvTIMER_DisableCaptureDebounce) refers to drvtimer.o(.constdata) for CH_OFFSET
    drvtimer.o(i.DrvTIMER_DisableCaptureInt) refers to drvtimer.o(.constdata) for CH_OFFSET
    drvtimer.o(i.DrvTIMER_DisableCounterDebounce) refers to drvtimer.o(.constdata) for CH_OFFSET
    drvtimer.o(i.DrvTIMER_DisableInt) refers to drvtimer.o(i.NVIC_DisableIRQ) for NVIC_DisableIRQ
    drvtimer.o(i.DrvTIMER_DisableInt) refers to drvtimer.o(.constdata) for CH_OFFSET
    drvtimer.o(i.DrvTIMER_EnableCapture) refers to drvtimer.o(.constdata) for CH_OFFSET
    drvtimer.o(i.DrvTIMER_EnableCaptureDebounce) refers to drvtimer.o(.constdata) for CH_OFFSET
    drvtimer.o(i.DrvTIMER_EnableCaptureInt) refers to drvtimer.o(.constdata) for CH_OFFSET
    drvtimer.o(i.DrvTIMER_EnableCounterDebounce) refers to drvtimer.o(.constdata) for CH_OFFSET
    drvtimer.o(i.DrvTIMER_EnableInt) refers to drvtimer.o(i.NVIC_SetPriority) for NVIC_SetPriority
    drvtimer.o(i.DrvTIMER_EnableInt) refers to drvtimer.o(i.NVIC_EnableIRQ) for NVIC_EnableIRQ
    drvtimer.o(i.DrvTIMER_EnableInt) refers to drvtimer.o(.constdata) for CH_OFFSET
    drvtimer.o(i.DrvTIMER_GetCaptureData) refers to drvtimer.o(.constdata) for CH_OFFSET
    drvtimer.o(i.DrvTIMER_GetCaptureIntFlag) refers to drvtimer.o(.constdata) for CH_OFFSET
    drvtimer.o(i.DrvTIMER_GetCounters) refers to drvtimer.o(.constdata) for CH_OFFSET
    drvtimer.o(i.DrvTIMER_GetIntTicks) refers to drvtimer.o(.data) for uTimer0Tick
    drvtimer.o(i.DrvTIMER_Init) refers to drvtimer.o(.data) for bIsTimer0Initial
    drvtimer.o(i.DrvTIMER_Open) refers to drvtimer.o(i.GetTimerClock) for GetTimerClock
    drvtimer.o(i.DrvTIMER_Open) refers to drvtimer.o(i.CalTimerInitValue) for CalTimerInitValue
    drvtimer.o(i.DrvTIMER_Open) refers to drvgpio.o(i.DrvGPIO_InitFunction) for DrvGPIO_InitFunction
    drvtimer.o(i.DrvTIMER_Open) refers to drvtimer.o(.data) for bIsTimer0Initial
    drvtimer.o(i.DrvTIMER_Open) refers to drvtimer.o(.bss) for tTime0Event
    drvtimer.o(i.DrvTIMER_OpenCapture) refers to drvsys.o(i.DrvSYS_SelectIPClockSource) for DrvSYS_SelectIPClockSource
    drvtimer.o(i.DrvTIMER_OpenCapture) refers to drvgpio.o(i.DrvGPIO_InitFunction) for DrvGPIO_InitFunction
    drvtimer.o(i.DrvTIMER_OpenCapture) refers to drvtimer.o(.constdata) for CH_OFFSET
    drvtimer.o(i.DrvTIMER_OpenCounter) refers to drvsys.o(i.DrvSYS_SelectIPClockSource) for DrvSYS_SelectIPClockSource
    drvtimer.o(i.DrvTIMER_OpenCounter) refers to drvgpio.o(i.DrvGPIO_InitFunction) for DrvGPIO_InitFunction
    drvtimer.o(i.DrvTIMER_OpenCounter) refers to drvtimer.o(.data) for bIsTimer0Initial
    drvtimer.o(i.DrvTIMER_OpenCounter) refers to drvtimer.o(.bss) for tTime0Event
    drvtimer.o(i.DrvTIMER_OpenCounter) refers to drvtimer.o(.constdata) for CH_OFFSET
    drvtimer.o(i.DrvTIMER_ResetIntTicks) refers to drvtimer.o(.data) for uTimer0Tick
    drvtimer.o(i.DrvTIMER_SelectCaptureEdge) refers to drvtimer.o(.constdata) for CH_OFFSET
    drvtimer.o(i.DrvTIMER_SelectCounterDetectPhase) refers to drvtimer.o(.constdata) for CH_OFFSET
    drvtimer.o(i.DrvTIMER_SelectExternalMode) refers to drvtimer.o(.constdata) for CH_OFFSET
    drvtimer.o(i.DrvTIMER_SetTimerEvent) refers to drvtimer.o(.data) for uTime0EventCount
    drvtimer.o(i.DrvTIMER_SetTimerEvent) refers to drvtimer.o(.bss) for tTime0Event
    drvtimer.o(i.DrvTIMER_Start) refers to drvtimer.o(.constdata) for CH_OFFSET
    drvtimer.o(i.DrvTIMER_StartCounter) refers to drvtimer.o(.constdata) for CH_OFFSET
    drvtimer.o(i.DrvWDT_Close) refers to drvtimer.o(i.DrvWDT_Ioctl) for DrvWDT_Ioctl
    drvtimer.o(i.DrvWDT_Close) refers to drvsys.o(i.DrvSYS_GetHCLKFreq) for DrvSYS_GetHCLKFreq
    drvtimer.o(i.DrvWDT_InstallISR) refers to drvtimer.o(.data) for fnCallBack_WDT
    drvtimer.o(i.DrvWDT_Ioctl) refers to drvsys.o(i.__ARM_common_switch8) for __ARM_common_switch8
    drvtimer.o(i.DrvWDT_Ioctl) refers to drvtimer.o(i.NVIC_SetPriority) for NVIC_SetPriority
    drvtimer.o(i.DrvWDT_Ioctl) refers to drvtimer.o(i.NVIC_EnableIRQ) for NVIC_EnableIRQ
    drvtimer.o(i.DrvWDT_Ioctl) refers to drvtimer.o(i.NVIC_DisableIRQ) for NVIC_DisableIRQ
    drvtimer.o(i.DrvWDT_Open) refers to drvtimer.o(i.DrvWDT_Ioctl) for DrvWDT_Ioctl
    drvtimer.o(i.GetTimerClock) refers to drvsys.o(i.DrvSYS_GetExtClockFreq) for DrvSYS_GetExtClockFreq
    drvtimer.o(i.GetTimerClock) refers to drvsys.o(i.DrvSYS_GetHCLKFreq) for DrvSYS_GetHCLKFreq
    drvtimer.o(i.TMR0_IRQHandler) refers to drvtimer.o(.data) for uTimer0Tick
    drvtimer.o(i.TMR0_IRQHandler) refers to drvtimer.o(.bss) for tTime0Event
    drvtimer.o(i.TMR1_IRQHandler) refers to drvtimer.o(.data) for uTimer1Tick
    drvtimer.o(i.TMR1_IRQHandler) refers to drvtimer.o(.bss) for tTime1Event
    drvtimer.o(i.TMR2_IRQHandler) refers to drvtimer.o(.data) for uTimer2Tick
    drvtimer.o(i.TMR2_IRQHandler) refers to drvtimer.o(.bss) for tTime2Event
    drvtimer.o(i.TMR3_IRQHandler) refers to drvtimer.o(.data) for uTimer3Tick
    drvtimer.o(i.TMR3_IRQHandler) refers to drvtimer.o(.bss) for tTime3Event
    drvtimer.o(i.WDT_IRQHandler) refers to drvtimer.o(.data) for fnCallBack_WDT
    scankey.o(i.CloseKeyPad) refers to drvgpio.o(i.DrvGPIO_Close) for DrvGPIO_Close
    scankey.o(i.OpenKeyPad) refers to drvgpio.o(i.DrvGPIO_Open) for DrvGPIO_Open
    scankey.o(i.Scankey) refers to drvgpio.o(i.DrvGPIO_SetBit) for DrvGPIO_SetBit
    scankey.o(i.Scankey) refers to drvgpio.o(i.DrvGPIO_ClrBit) for DrvGPIO_ClrBit
    scankey.o(i.Scankey) refers to scankey.o(i.delay) for delay
    scankey.o(i.Scankey) refers to drvgpio.o(i.DrvGPIO_GetBit) for DrvGPIO_GetBit
    scankey.o(i.Scankey) refers to scankey.o(.constdata) for .constdata
    __main.o(!!!main) refers to __rtentry.o(.ARM.Collect$$rtentry$$00000000) for __rt_entry
    __rtentry.o(.ARM.Collect$$rtentry$$00000000) refers (Special) to __rtentry2.o(.ARM.Collect$$rtentry$$0000000A) for __rt_entry_li
    __rtentry.o(.ARM.Collect$$rtentry$$00000000) refers (Special) to __rtentry2.o(.ARM.Collect$$rtentry$$0000000D) for __rt_entry_main
    __rtentry.o(.ARM.Collect$$rtentry$$00000000) refers (Special) to __rtentry2.o(.ARM.Collect$$rtentry$$0000000C) for __rt_entry_postli_1
    __rtentry.o(.ARM.Collect$$rtentry$$00000000) refers (Special) to __rtentry2.o(.ARM.Collect$$rtentry$$00000009) for __rt_entry_postsh_1
    __rtentry.o(.ARM.Collect$$rtentry$$00000000) refers (Special) to __rtentry2.o(.ARM.Collect$$rtentry$$00000002) for __rt_entry_presh_1
    __rtentry.o(.ARM.Collect$$rtentry$$00000000) refers (Special) to __rtentry4.o(.ARM.Collect$$rtentry$$00000004) for __rt_entry_sh
    aeabi_idiv0_sigfpe.o(.text) refers to rt_div0.o(.text) for __rt_div0
    __rtentry2.o(.ARM.Collect$$rtentry$$00000008) refers to boardinit2.o(.text) for _platform_post_stackheap_init
    __rtentry2.o(.ARM.Collect$$rtentry$$0000000A) refers to libinit.o(.ARM.Collect$$libinit$$00000000) for __rt_lib_init
    __rtentry2.o(.ARM.Collect$$rtentry$$0000000B) refers to boardinit3.o(.text) for _platform_post_lib_init
    __rtentry2.o(.ARM.Collect$$rtentry$$0000000D) refers to main.o(i.main) for main
    __rtentry2.o(.ARM.Collect$$rtentry$$0000000D) refers to exit.o(.text) for exit
    __rtentry2.o(.ARM.exidx) refers to __rtentry2.o(.ARM.Collect$$rtentry$$00000001) for .ARM.Collect$$rtentry$$00000001
    __rtentry2.o(.ARM.exidx) refers to __rtentry2.o(.ARM.Collect$$rtentry$$00000008) for .ARM.Collect$$rtentry$$00000008
    __rtentry2.o(.ARM.exidx) refers to __rtentry2.o(.ARM.Collect$$rtentry$$0000000A) for .ARM.Collect$$rtentry$$0000000A
    __rtentry2.o(.ARM.exidx) refers to __rtentry2.o(.ARM.Collect$$rtentry$$0000000B) for .ARM.Collect$$rtentry$$0000000B
    __rtentry2.o(.ARM.exidx) refers to __rtentry2.o(.ARM.Collect$$rtentry$$0000000D) for .ARM.Collect$$rtentry$$0000000D
    __rtentry4.o(.ARM.Collect$$rtentry$$00000004) refers to sys_stackheap_outer.o(.text) for __user_setup_stackheap
    __rtentry4.o(.ARM.exidx) refers to __rtentry4.o(.ARM.Collect$$rtentry$$00000004) for .ARM.Collect$$rtentry$$00000004
    rt_div0.o(.text) refers to defsig_fpe_outer.o(.text) for __rt_SIGFPE
    sys_stackheap_outer.o(.text) refers to libspace.o(.text) for __user_perproc_libspace
    sys_stackheap_outer.o(.text) refers to startup_nuc1xx.o(.text) for __user_initial_stackheap
    sys_stackheap_outer.o(__vectab_stack_and_reset_area) refers to tempstk.o(.text) for __temporary_stack_top
    sys_stackheap_outer.o(__vectab_stack_and_reset_area) refers to __main.o(!!!main) for __main
    exit.o(.text) refers to rtexit.o(.ARM.Collect$$rtexit$$00000000) for __rt_exit
    defsig_fpe_outer.o(.text) refers to defsig_fpe_inner.o(.text) for __rt_SIGFPE_inner
    defsig_fpe_outer.o(.text) refers to defsig_exit.o(.text) for __sig_exit
    defsig_fpe_formal.o(.text) refers to rt_raise.o(.text) for __rt_raise
    libinit.o(.ARM.Collect$$libinit$$00000000) refers (Special) to libinit2.o(.ARM.Collect$$libinit$$0000002E) for __rt_lib_init_alloca_1
    libinit.o(.ARM.Collect$$libinit$$00000000) refers (Special) to libinit2.o(.ARM.Collect$$libinit$$0000002C) for __rt_lib_init_argv_1
    libinit.o(.ARM.Collect$$libinit$$00000000) refers (Special) to libinit2.o(.ARM.Collect$$libinit$$0000001B) for __rt_lib_init_atexit_1
    libinit.o(.ARM.Collect$$libinit$$00000000) refers (Special) to libinit2.o(.ARM.Collect$$libinit$$00000021) for __rt_lib_init_clock_1
    libinit.o(.ARM.Collect$$libinit$$00000000) refers (Special) to libinit2.o(.ARM.Collect$$libinit$$00000032) for __rt_lib_init_cpp_1
    libinit.o(.ARM.Collect$$libinit$$00000000) refers (Special) to libinit2.o(.ARM.Collect$$libinit$$00000030) for __rt_lib_init_exceptions_1
    libinit.o(.ARM.Collect$$libinit$$00000000) refers (Special) to libinit2.o(.ARM.Collect$$libinit$$00000002) for __rt_lib_init_fp_1
    libinit.o(.ARM.Collect$$libinit$$00000000) refers (Special) to libinit2.o(.ARM.Collect$$libinit$$0000001F) for __rt_lib_init_fp_trap_1
    libinit.o(.ARM.Collect$$libinit$$00000000) refers (Special) to libinit2.o(.ARM.Collect$$libinit$$00000023) for __rt_lib_init_getenv_1
    libinit.o(.ARM.Collect$$libinit$$00000000) refers (Special) to libinit2.o(.ARM.Collect$$libinit$$0000000A) for __rt_lib_init_heap_1
    libinit.o(.ARM.Collect$$libinit$$00000000) refers (Special) to libinit2.o(.ARM.Collect$$libinit$$00000011) for __rt_lib_init_lc_collate_1
    libinit.o(.ARM.Collect$$libinit$$00000000) refers (Special) to libinit2.o(.ARM.Collect$$libinit$$00000013) for __rt_lib_init_lc_ctype_1
    libinit.o(.ARM.Collect$$libinit$$00000000) refers (Special) to libinit2.o(.ARM.Collect$$libinit$$00000015) for __rt_lib_init_lc_monetary_1
    libinit.o(.ARM.Collect$$libinit$$00000000) refers (Special) to libinit2.o(.ARM.Collect$$libinit$$00000017) for __rt_lib_init_lc_numeric_1
    libinit.o(.ARM.Collect$$libinit$$00000000) refers (Special) to libinit2.o(.ARM.Collect$$libinit$$00000019) for __rt_lib_init_lc_time_1
    libinit.o(.ARM.Collect$$libinit$$00000000) refers (Special) to libinit2.o(.ARM.Collect$$libinit$$00000004) for __rt_lib_init_preinit_1
    libinit.o(.ARM.Collect$$libinit$$00000000) refers (Special) to libinit2.o(.ARM.Collect$$libinit$$0000000E) for __rt_lib_init_rand_1
    libinit.o(.ARM.Collect$$libinit$$00000000) refers (Special) to libinit2.o(.ARM.Collect$$libinit$$00000033) for __rt_lib_init_return
    libinit.o(.ARM.Collect$$libinit$$00000000) refers (Special) to libinit2.o(.ARM.Collect$$libinit$$0000001D) for __rt_lib_init_signal_1
    libinit.o(.ARM.Collect$$libinit$$00000000) refers (Special) to libinit2.o(.ARM.Collect$$libinit$$00000025) for __rt_lib_init_stdio_1
    libinit.o(.ARM.Collect$$libinit$$00000000) refers (Special) to libinit2.o(.ARM.Collect$$libinit$$0000000C) for __rt_lib_init_user_alloc_1
    libspace.o(.text) refers to libspace.o(.bss) for __libspace_start
    rtexit.o(.ARM.Collect$$rtexit$$00000000) refers (Special) to rtexit2.o(.ARM.Collect$$rtexit$$00000004) for __rt_exit_exit
    rtexit.o(.ARM.Collect$$rtexit$$00000000) refers (Special) to rtexit2.o(.ARM.Collect$$rtexit$$00000003) for __rt_exit_ls
    rtexit.o(.ARM.Collect$$rtexit$$00000000) refers (Special) to rtexit2.o(.ARM.Collect$$rtexit$$00000002) for __rt_exit_prels_1
    rtexit.o(.ARM.exidx) refers (Special) to rtexit2.o(.ARM.Collect$$rtexit$$00000004) for __rt_exit_exit
    rtexit.o(.ARM.exidx) refers (Special) to rtexit2.o(.ARM.Collect$$rtexit$$00000003) for __rt_exit_ls
    rtexit.o(.ARM.exidx) refers (Special) to rtexit2.o(.ARM.Collect$$rtexit$$00000002) for __rt_exit_prels_1
    rtexit.o(.ARM.exidx) refers to rtexit.o(.ARM.Collect$$rtexit$$00000000) for .ARM.Collect$$rtexit$$00000000
    rt_raise.o(.text) refers to __raise.o(.text) for __raise
    rt_raise.o(.text) refers to sys_exit.o(.text) for _sys_exit
    defsig_exit.o(.text) refers to sys_exit.o(.text) for _sys_exit
    defsig_fpe_inner.o(.text) refers to defsig_general.o(.text) for __default_signal_display
    libinit2.o(.ARM.Collect$$libinit$$00000010) refers to libinit2.o(.ARM.Collect$$libinit$$0000000F) for .ARM.Collect$$libinit$$0000000F
    libinit2.o(.ARM.Collect$$libinit$$00000012) refers to libinit2.o(.ARM.Collect$$libinit$$0000000F) for .ARM.Collect$$libinit$$0000000F
    libinit2.o(.ARM.Collect$$libinit$$00000014) refers to libinit2.o(.ARM.Collect$$libinit$$0000000F) for .ARM.Collect$$libinit$$0000000F
    libinit2.o(.ARM.Collect$$libinit$$00000016) refers to libinit2.o(.ARM.Collect$$libinit$$0000000F) for .ARM.Collect$$libinit$$0000000F
    libinit2.o(.ARM.Collect$$libinit$$00000018) refers to libinit2.o(.ARM.Collect$$libinit$$0000000F) for .ARM.Collect$$libinit$$0000000F
    libinit2.o(.ARM.Collect$$libinit$$00000026) refers to argv_veneer.o(.text) for __ARM_argv_veneer
    libinit2.o(.ARM.Collect$$libinit$$00000027) refers to argv_veneer.o(.text) for __ARM_argv_veneer
    sys_exit.o(.text) refers (Special) to use_no_semi.o(.text) for __I$use$semihosting
    sys_exit.o(.text) refers (Special) to indicate_semi.o(.text) for __semihosting_library_function
    rtexit2.o(.ARM.Collect$$rtexit$$00000003) refers to libshutdown.o(.ARM.Collect$$libshutdown$$00000000) for __rt_lib_shutdown
    rtexit2.o(.ARM.Collect$$rtexit$$00000004) refers to sys_exit.o(.text) for _sys_exit
    rtexit2.o(.ARM.exidx) refers to rtexit2.o(.ARM.Collect$$rtexit$$00000001) for .ARM.Collect$$rtexit$$00000001
    rtexit2.o(.ARM.exidx) refers to rtexit2.o(.ARM.Collect$$rtexit$$00000003) for .ARM.Collect$$rtexit$$00000003
    rtexit2.o(.ARM.exidx) refers to rtexit2.o(.ARM.Collect$$rtexit$$00000004) for .ARM.Collect$$rtexit$$00000004
    __raise.o(.text) refers to defsig.o(CL$$defsig) for __default_signal_handler
    defsig_general.o(.text) refers to sys_wrch.o(.text) for _ttywrch
    sys_wrch.o(.text) refers (Special) to use_no_semi.o(.text) for __I$use$semihosting
    sys_wrch.o(.text) refers (Special) to indicate_semi.o(.text) for __semihosting_library_function
    defsig.o(CL$$defsig) refers to defsig_fpe_inner.o(.text) for __rt_SIGFPE_inner
    defsig.o(CL$$defsig) refers to defsig_rtmem_inner.o(.text) for __rt_SIGRTMEM_inner
    _get_argv_nomalloc.o(.text) refers (Special) to hrguard.o(.text) for __heap_region$guard
    _get_argv_nomalloc.o(.text) refers to defsig_rtmem_outer.o(.text) for __rt_SIGRTMEM
    _get_argv_nomalloc.o(.text) refers to sys_command.o(.text) for _sys_command_string
    libshutdown.o(.ARM.Collect$$libshutdown$$00000000) refers (Special) to libshutdown2.o(.ARM.Collect$$libshutdown$$00000002) for __rt_lib_shutdown_cpp_1
    libshutdown.o(.ARM.Collect$$libshutdown$$00000000) refers (Special) to libshutdown2.o(.ARM.Collect$$libshutdown$$00000007) for __rt_lib_shutdown_fp_trap_1
    libshutdown.o(.ARM.Collect$$libshutdown$$00000000) refers (Special) to libshutdown2.o(.ARM.Collect$$libshutdown$$0000000F) for __rt_lib_shutdown_heap_1
    libshutdown.o(.ARM.Collect$$libshutdown$$00000000) refers (Special) to libshutdown2.o(.ARM.Collect$$libshutdown$$00000010) for __rt_lib_shutdown_return
    libshutdown.o(.ARM.Collect$$libshutdown$$00000000) refers (Special) to libshutdown2.o(.ARM.Collect$$libshutdown$$0000000A) for __rt_lib_shutdown_signal_1
    libshutdown.o(.ARM.Collect$$libshutdown$$00000000) refers (Special) to libshutdown2.o(.ARM.Collect$$libshutdown$$00000004) for __rt_lib_shutdown_stdio_1
    libshutdown.o(.ARM.Collect$$libshutdown$$00000000) refers (Special) to libshutdown2.o(.ARM.Collect$$libshutdown$$0000000C) for __rt_lib_shutdown_user_alloc_1
    sys_command.o(.text) refers (Special) to use_no_semi.o(.text) for __I$use$semihosting
    sys_command.o(.text) refers (Special) to indicate_semi.o(.text) for __semihosting_library_function
    defsig_abrt_inner.o(.text) refers to defsig_general.o(.text) for __default_signal_display
    defsig_rtred_inner.o(.text) refers to defsig_general.o(.text) for __default_signal_display
    defsig_rtmem_inner.o(.text) refers to defsig_general.o(.text) for __default_signal_display
    defsig_rtmem_outer.o(.text) refers to defsig_rtmem_inner.o(.text) for __rt_SIGRTMEM_inner
    defsig_rtmem_outer.o(.text) refers to defsig_exit.o(.text) for __sig_exit
    defsig_rtmem_formal.o(.text) refers to rt_raise.o(.text) for __rt_raise
    defsig_stak_inner.o(.text) refers to defsig_general.o(.text) for __default_signal_display
    defsig_pvfn_inner.o(.text) refers to defsig_general.o(.text) for __default_signal_display
    defsig_cppl_inner.o(.text) refers to defsig_general.o(.text) for __default_signal_display
    defsig_segv_inner.o(.text) refers to defsig_general.o(.text) for __default_signal_display
    defsig_other.o(.text) refers to defsig_general.o(.text) for __default_signal_display


==============================================================================

Removing Unused input sections from the image.

    Removing main.o(.data), (4 bytes).
    Removing drvsys.o(i.DrvSYS_ClearClockSwitchStatus), (20 bytes).
    Removing drvsys.o(i.DrvSYS_ClearResetSource), (12 bytes).
    Removing drvsys.o(i.DrvSYS_Delay), (44 bytes).
    Removing drvsys.o(i.DrvSYS_DisableBODLowPowerMode), (18 bytes).
    Removing drvsys.o(i.DrvSYS_DisableHighPerformanceMode), (18 bytes).
    Removing drvsys.o(i.DrvSYS_DisableLowVoltReset), (18 bytes).
    Removing drvsys.o(i.DrvSYS_DisablePOR), (12 bytes).
    Removing drvsys.o(i.DrvSYS_DisableTemperatureSensor), (18 bytes).
    Removing drvsys.o(i.DrvSYS_EnableBODLowPowerMode), (20 bytes).
    Removing drvsys.o(i.DrvSYS_EnableHighPerformanceMode), (20 bytes).
    Removing drvsys.o(i.DrvSYS_EnableLowVoltReset), (20 bytes).
    Removing drvsys.o(i.DrvSYS_EnablePOR), (10 bytes).
    Removing drvsys.o(i.DrvSYS_EnableTemperatureSensor), (20 bytes).
    Removing drvsys.o(i.DrvSYS_EnterPowerDown), (56 bytes).
    Removing drvsys.o(i.DrvSYS_GetBODState), (12 bytes).
    Removing drvsys.o(i.DrvSYS_GetChipClockSourceStatus), (88 bytes).
    Removing drvsys.o(i.DrvSYS_GetClockSwitchStatus), (16 bytes).
    Removing drvsys.o(i.DrvSYS_GetResetSource), (8 bytes).
    Removing drvsys.o(i.DrvSYS_GetVersion), (8 bytes).
    Removing drvsys.o(i.DrvSYS_LockProtectedReg), (36 bytes).
    Removing drvsys.o(i.DrvSYS_ReadProductID), (8 bytes).
    Removing drvsys.o(i.DrvSYS_ResetCPU), (20 bytes).
    Removing drvsys.o(i.DrvSYS_ResetChip), (20 bytes).
    Removing drvsys.o(i.DrvSYS_ResetIP), (110 bytes).
    Removing drvsys.o(i.DrvSYS_SelectBODVolt), (26 bytes).
    Removing drvsys.o(i.DrvSYS_SelectIPClockSource), (352 bytes).
    Removing drvsys.o(i.DrvSYS_SelectPLLSource), (32 bytes).
    Removing drvsys.o(i.DrvSYS_SelectSysTickSource), (52 bytes).
    Removing drvsys.o(i.DrvSYS_SetBODFunction), (92 bytes).
    Removing drvsys.o(i.DrvSYS_SetClockDivider), (136 bytes).
    Removing drvsys.o(i.DrvSYS_SetFreqDividerOutput), (76 bytes).
    Removing drvsys.o(i.DrvSYS_SetIPClock), (120 bytes).
    Removing drvsys.o(i.DrvSYS_SetOscCtrl), (128 bytes).
    Removing drvsys.o(i.DrvSYS_SetPLLMode), (52 bytes).
    Removing drvsys.o(i.DrvSYS_SetPowerDownWakeUpInt), (108 bytes).
    Removing drvsys.o(i.DrvSYS_UnlockProtectedReg), (44 bytes).
    Removing drvsys.o(i.NVIC_DisableIRQ), (20 bytes).
    Removing drvsys.o(i.NVIC_EnableIRQ), (20 bytes).
    Removing drvsys.o(i.NVIC_SetPriority), (120 bytes).
    Removing drvgpio.o(i.DrvGPIO_Close), (68 bytes).
    Removing drvgpio.o(i.DrvGPIO_ClrBitMask), (36 bytes).
    Removing drvgpio.o(i.DrvGPIO_ClrPortMask), (32 bytes).
    Removing drvgpio.o(i.DrvGPIO_DisableDebounce), (52 bytes).
    Removing drvgpio.o(i.DrvGPIO_DisableDigitalInputBit), (40 bytes).
    Removing drvgpio.o(i.DrvGPIO_DisableEINT0), (36 bytes).
    Removing drvgpio.o(i.DrvGPIO_DisableEINT1), (36 bytes).
    Removing drvgpio.o(i.DrvGPIO_DisableInt), (80 bytes).
    Removing drvgpio.o(i.DrvGPIO_EnableDebounce), (52 bytes).
    Removing drvgpio.o(i.DrvGPIO_EnableDigitalInputBit), (40 bytes).
    Removing drvgpio.o(i.DrvGPIO_EnableEINT0), (152 bytes).
    Removing drvgpio.o(i.DrvGPIO_EnableEINT1), (152 bytes).
    Removing drvgpio.o(i.DrvGPIO_EnableInt), (240 bytes).
    Removing drvgpio.o(i.DrvGPIO_GetBitMask), (28 bytes).
    Removing drvgpio.o(i.DrvGPIO_GetDebounceSampleCycle), (16 bytes).
    Removing drvgpio.o(i.DrvGPIO_GetDoutBit), (40 bytes).
    Removing drvgpio.o(i.DrvGPIO_GetIntStatus), (16 bytes).
    Removing drvgpio.o(i.DrvGPIO_GetPortBits), (16 bytes).
    Removing drvgpio.o(i.DrvGPIO_GetPortDoutBits), (28 bytes).
    Removing drvgpio.o(i.DrvGPIO_GetPortMask), (16 bytes).
    Removing drvgpio.o(i.DrvGPIO_GetVersion), (8 bytes).
    Removing drvgpio.o(i.DrvGPIO_SetBitMask), (36 bytes).
    Removing drvgpio.o(i.DrvGPIO_SetDebounceTime), (64 bytes).
    Removing drvgpio.o(i.DrvGPIO_SetIntCallback), (20 bytes).
    Removing drvgpio.o(i.DrvGPIO_SetPortBits), (20 bytes).
    Removing drvgpio.o(i.DrvGPIO_SetPortMask), (32 bytes).
    Removing drvgpio.o(i.NVIC_DisableIRQ), (20 bytes).
    Removing drvgpio.o(i.NVIC_EnableIRQ), (20 bytes).
    Removing drvgpio.o(i.NVIC_SetPriority), (120 bytes).
    Removing lcd_driver.o(i.Disable_Buzzer), (22 bytes).
    Removing lcd_driver.o(i.Show_Word), (120 bytes).
    Removing lcd_driver.o(i.SysTimerDelay), (40 bytes).
    Removing lcd_driver.o(i.draw_Row), (36 bytes).
    Removing lcd_driver.o(i.print_lcd), (40 bytes).
    Removing drvtimer.o(i.DrvTIMER_ClearCaptureIntFlag), (68 bytes).
    Removing drvtimer.o(i.DrvTIMER_ClearIntFlag), (100 bytes).
    Removing drvtimer.o(i.DrvTIMER_ClearTimerEvent), (212 bytes).
    Removing drvtimer.o(i.DrvTIMER_Close), (212 bytes).
    Removing drvtimer.o(i.DrvTIMER_CloseCapture), (60 bytes).
    Removing drvtimer.o(i.DrvTIMER_Delay), (38 bytes).
    Removing drvtimer.o(i.DrvTIMER_DisableCapture), (64 bytes).
    Removing drvtimer.o(i.DrvTIMER_DisableCaptureDebounce), (64 bytes).
    Removing drvtimer.o(i.DrvTIMER_DisableCaptureInt), (64 bytes).
    Removing drvtimer.o(i.DrvTIMER_DisableCounterDebounce), (64 bytes).
    Removing drvtimer.o(i.DrvTIMER_EnableCapture), (68 bytes).
    Removing drvtimer.o(i.DrvTIMER_EnableCaptureDebounce), (68 bytes).
    Removing drvtimer.o(i.DrvTIMER_EnableCaptureInt), (68 bytes).
    Removing drvtimer.o(i.DrvTIMER_EnableCounterDebounce), (68 bytes).
    Removing drvtimer.o(i.DrvTIMER_GetCaptureData), (56 bytes).
    Removing drvtimer.o(i.DrvTIMER_GetCaptureIntFlag), (60 bytes).
    Removing drvtimer.o(i.DrvTIMER_GetCounters), (56 bytes).
    Removing drvtimer.o(i.DrvTIMER_GetIntFlag), (72 bytes).
    Removing drvtimer.o(i.DrvTIMER_GetIntTicks), (68 bytes).
    Removing drvtimer.o(i.DrvTIMER_GetVersion), (8 bytes).
    Removing drvtimer.o(i.DrvTIMER_OpenCapture), (96 bytes).
    Removing drvtimer.o(i.DrvTIMER_OpenCounter), (564 bytes).
    Removing drvtimer.o(i.DrvTIMER_ResetIntTicks), (84 bytes).
    Removing drvtimer.o(i.DrvTIMER_SelectCaptureEdge), (76 bytes).
    Removing drvtimer.o(i.DrvTIMER_SelectCounterDetectPhase), (76 bytes).
    Removing drvtimer.o(i.DrvTIMER_SelectExternalMode), (76 bytes).
    Removing drvtimer.o(i.DrvTIMER_StartCounter), (92 bytes).
    Removing drvtimer.o(i.DrvWDT_Close), (80 bytes).
    Removing drvtimer.o(i.DrvWDT_InstallISR), (28 bytes).
    Removing drvtimer.o(i.DrvWDT_Ioctl), (224 bytes).
    Removing drvtimer.o(i.DrvWDT_Open), (88 bytes).
    Removing ascii_table.o(.data), (1520 bytes).
    Removing scankey.o(i.CloseKeyPad), (24 bytes).

107 unused section(s) (total 8354 bytes) removed from the image.

==============================================================================

Image Symbol Table

    Local Symbols

    Symbol Name                              Value     Ov Type        Size  Object(Section)

    RESET                                    0x00000000   Section      192  startup_nuc1xx.o(RESET)
    ../clib/../cmprslib/lz77c.c              0x00000000   Number         0  __dclz77c.o ABSOLUTE
    ../clib/angel/boardlib.s                 0x00000000   Number         0  boardshut.o ABSOLUTE
    ../clib/angel/boardlib.s                 0x00000000   Number         0  boardinit3.o ABSOLUTE
    ../clib/angel/boardlib.s                 0x00000000   Number         0  boardinit2.o ABSOLUTE
    ../clib/angel/boardlib.s                 0x00000000   Number         0  boardinit1.o ABSOLUTE
    ../clib/angel/handlers.s                 0x00000000   Number         0  __scatter_zi.o ABSOLUTE
    ../clib/angel/kernel.s                   0x00000000   Number         0  __rtentry2.o ABSOLUTE
    ../clib/angel/kernel.s                   0x00000000   Number         0  __rtentry4.o ABSOLUTE
    ../clib/angel/kernel.s                   0x00000000   Number         0  rtexit2.o ABSOLUTE
    ../clib/angel/kernel.s                   0x00000000   Number         0  __rtentry.o ABSOLUTE
    ../clib/angel/kernel.s                   0x00000000   Number         0  rtexit.o ABSOLUTE
    ../clib/angel/rt.s                       0x00000000   Number         0  rt_raise.o ABSOLUTE
    ../clib/angel/rt.s                       0x00000000   Number         0  aeabi_idiv0.o ABSOLUTE
    ../clib/angel/rt.s                       0x00000000   Number         0  rt_div0.o ABSOLUTE
    ../clib/angel/rt.s                       0x00000000   Number         0  aeabi_idiv0_sigfpe.o ABSOLUTE
    ../clib/angel/scatterp.s                 0x00000000   Number         0  __scatter.o ABSOLUTE
    ../clib/angel/startup.s                  0x00000000   Number         0  __main.o ABSOLUTE
    ../clib/angel/sys.s                      0x00000000   Number         0  indicate_semi.o ABSOLUTE
    ../clib/angel/sys.s                      0x00000000   Number         0  use_no_semi.o ABSOLUTE
    ../clib/angel/sys.s                      0x00000000   Number         0  sys_stackheap_outer.o ABSOLUTE
    ../clib/angel/sys.s                      0x00000000   Number         0  tempstk.o ABSOLUTE
    ../clib/angel/sys.s                      0x00000000   Number         0  libspace.o ABSOLUTE
    ../clib/angel/sysapp.c                   0x00000000   Number         0  sys_wrch.o ABSOLUTE
    ../clib/angel/sysapp.c                   0x00000000   Number         0  sys_command.o ABSOLUTE
    ../clib/angel/sysapp.c                   0x00000000   Number         0  sys_exit.o ABSOLUTE
    ../clib/armsys.c                         0x00000000   Number         0  argv_veneer.o ABSOLUTE
    ../clib/armsys.c                         0x00000000   Number         0  no_argv.o ABSOLUTE
    ../clib/armsys.c                         0x00000000   Number         0  _get_argv_nomalloc.o ABSOLUTE
    ../clib/division.s                       0x00000000   Number         0  aeabi_sdiv.o ABSOLUTE
    ../clib/division.s                       0x00000000   Number         0  aeabi_sdiv_div0.o ABSOLUTE
    ../clib/heapalloc.c                      0x00000000   Number         0  hrguard.o ABSOLUTE
    ../clib/heapaux.c                        0x00000000   Number         0  heapauxi.o ABSOLUTE
    ../clib/libinit.s                        0x00000000   Number         0  libshutdown2.o ABSOLUTE
    ../clib/libinit.s                        0x00000000   Number         0  libinit.o ABSOLUTE
    ../clib/libinit.s                        0x00000000   Number         0  libinit2.o ABSOLUTE
    ../clib/libinit.s                        0x00000000   Number         0  libshutdown.o ABSOLUTE
    ../clib/signal.c                         0x00000000   Number         0  defsig_rtmem_outer.o ABSOLUTE
    ../clib/signal.c                         0x00000000   Number         0  defsig_general.o ABSOLUTE
    ../clib/signal.c                         0x00000000   Number         0  __raise.o ABSOLUTE
    ../clib/signal.c                         0x00000000   Number         0  defsig_abrt_inner.o ABSOLUTE
    ../clib/signal.c                         0x00000000   Number         0  defsig_fpe_outer.o ABSOLUTE
    ../clib/signal.c                         0x00000000   Number         0  defsig_rtred_inner.o ABSOLUTE
    ../clib/signal.c                         0x00000000   Number         0  defsig_rtmem_inner.o ABSOLUTE
    ../clib/signal.c                         0x00000000   Number         0  defsig_exit.o ABSOLUTE
    ../clib/signal.c                         0x00000000   Number         0  defsig_fpe_inner.o ABSOLUTE
    ../clib/signal.c                         0x00000000   Number         0  defsig_rtmem_formal.o ABSOLUTE
    ../clib/signal.c                         0x00000000   Number         0  defsig_fpe_formal.o ABSOLUTE
    ../clib/signal.c                         0x00000000   Number         0  defsig_stak_inner.o ABSOLUTE
    ../clib/signal.c                         0x00000000   Number         0  defsig_pvfn_inner.o ABSOLUTE
    ../clib/signal.c                         0x00000000   Number         0  defsig_cppl_inner.o ABSOLUTE
    ../clib/signal.c                         0x00000000   Number         0  defsig_segv_inner.o ABSOLUTE
    ../clib/signal.c                         0x00000000   Number         0  defsig_other.o ABSOLUTE
    ../clib/signal.s                         0x00000000   Number         0  defsig.o ABSOLUTE
    ../clib/stdlib.c                         0x00000000   Number         0  exit.o ABSOLUTE
    ../fplib/cfplib/fpinit.c                 0x00000000   Number         0  fpinit.o ABSOLUTE
    Animation.c                              0x00000000   Number         0  animation.o ABSOLUTE
    CMSIS\CM0\DeviceSupport\Nuvoton\NUC1xx\startup\arm\startup_NUC1xx.s 0x00000000   Number         0  startup_nuc1xx.o ABSOLUTE
    CMSIS\CM0\DeviceSupport\Nuvoton\NUC1xx\system_NUC1xx.c 0x00000000   Number         0  system_nuc1xx.o ABSOLUTE
    LCD_Function.c                           0x00000000   Number         0  lcd_function.o ABSOLUTE
    Varible.c                                0x00000000   Number         0  varible.o ABSOLUTE
    dc.s                                     0x00000000   Number         0  dc.o ABSOLUTE
    main.c                                   0x00000000   Number         0  main.o ABSOLUTE
    src\Driver\DrvGPIO.c                     0x00000000   Number         0  drvgpio.o ABSOLUTE
    src\Driver\DrvSYS.c                      0x00000000   Number         0  drvsys.o ABSOLUTE
    src\Driver\DrvTIMER.c                    0x00000000   Number         0  drvtimer.o ABSOLUTE
    src\NUC1xx-LB_002\Ascii_Table.c          0x00000000   Number         0  ascii_table.o ABSOLUTE
    src\NUC1xx-LB_002\LCD_Driver.c           0x00000000   Number         0  lcd_driver.o ABSOLUTE
    src\NUC1xx-LB_002\ScanKey.c              0x00000000   Number         0  scankey.o ABSOLUTE
    !!!main                                  0x000000c0   Section        8  __main.o(!!!main)
    !!!scatter                               0x000000c8   Section       60  __scatter.o(!!!scatter)
    !!handler_zi                             0x00000104   Section       28  __scatter_zi.o(!!handler_zi)
    .ARM.Collect$$libinit$$00000000          0x00000120   Section        2  libinit.o(.ARM.Collect$$libinit$$00000000)
    .ARM.Collect$$libinit$$00000002          0x00000122   Section        0  libinit2.o(.ARM.Collect$$libinit$$00000002)
    .ARM.Collect$$libinit$$00000004          0x00000122   Section        0  libinit2.o(.ARM.Collect$$libinit$$00000004)
    .ARM.Collect$$libinit$$0000000A          0x00000122   Section        0  libinit2.o(.ARM.Collect$$libinit$$0000000A)
    .ARM.Collect$$libinit$$0000000C          0x00000122   Section        0  libinit2.o(.ARM.Collect$$libinit$$0000000C)
    .ARM.Collect$$libinit$$0000000E          0x00000122   Section        0  libinit2.o(.ARM.Collect$$libinit$$0000000E)
    .ARM.Collect$$libinit$$00000011          0x00000122   Section        0  libinit2.o(.ARM.Collect$$libinit$$00000011)
    .ARM.Collect$$libinit$$00000013          0x00000122   Section        0  libinit2.o(.ARM.Collect$$libinit$$00000013)
    .ARM.Collect$$libinit$$00000015          0x00000122   Section        0  libinit2.o(.ARM.Collect$$libinit$$00000015)
    .ARM.Collect$$libinit$$00000017          0x00000122   Section        0  libinit2.o(.ARM.Collect$$libinit$$00000017)
    .ARM.Collect$$libinit$$00000019          0x00000122   Section        0  libinit2.o(.ARM.Collect$$libinit$$00000019)
    .ARM.Collect$$libinit$$0000001B          0x00000122   Section        0  libinit2.o(.ARM.Collect$$libinit$$0000001B)
    .ARM.Collect$$libinit$$0000001D          0x00000122   Section        0  libinit2.o(.ARM.Collect$$libinit$$0000001D)
    .ARM.Collect$$libinit$$0000001F          0x00000122   Section        0  libinit2.o(.ARM.Collect$$libinit$$0000001F)
    .ARM.Collect$$libinit$$00000021          0x00000122   Section        0  libinit2.o(.ARM.Collect$$libinit$$00000021)
    .ARM.Collect$$libinit$$00000023          0x00000122   Section        0  libinit2.o(.ARM.Collect$$libinit$$00000023)
    .ARM.Collect$$libinit$$00000025          0x00000122   Section        0  libinit2.o(.ARM.Collect$$libinit$$00000025)
    .ARM.Collect$$libinit$$0000002C          0x00000122   Section        0  libinit2.o(.ARM.Collect$$libinit$$0000002C)
    .ARM.Collect$$libinit$$0000002E          0x00000122   Section        0  libinit2.o(.ARM.Collect$$libinit$$0000002E)
    .ARM.Collect$$libinit$$00000030          0x00000122   Section        0  libinit2.o(.ARM.Collect$$libinit$$00000030)
    .ARM.Collect$$libinit$$00000032          0x00000122   Section        0  libinit2.o(.ARM.Collect$$libinit$$00000032)
    .ARM.Collect$$libinit$$00000033          0x00000122   Section        2  libinit2.o(.ARM.Collect$$libinit$$00000033)
    .ARM.Collect$$libshutdown$$00000000      0x00000124   Section        2  libshutdown.o(.ARM.Collect$$libshutdown$$00000000)
    .ARM.Collect$$libshutdown$$00000002      0x00000126   Section        0  libshutdown2.o(.ARM.Collect$$libshutdown$$00000002)
    .ARM.Collect$$libshutdown$$00000004      0x00000126   Section        0  libshutdown2.o(.ARM.Collect$$libshutdown$$00000004)
    .ARM.Collect$$libshutdown$$00000007      0x00000126   Section        0  libshutdown2.o(.ARM.Collect$$libshutdown$$00000007)
    .ARM.Collect$$libshutdown$$0000000A      0x00000126   Section        0  libshutdown2.o(.ARM.Collect$$libshutdown$$0000000A)
    .ARM.Collect$$libshutdown$$0000000C      0x00000126   Section        0  libshutdown2.o(.ARM.Collect$$libshutdown$$0000000C)
    .ARM.Collect$$libshutdown$$0000000F      0x00000126   Section        0  libshutdown2.o(.ARM.Collect$$libshutdown$$0000000F)
    .ARM.Collect$$libshutdown$$00000010      0x00000126   Section        2  libshutdown2.o(.ARM.Collect$$libshutdown$$00000010)
    .ARM.Collect$$rtentry$$00000000          0x00000128   Section        0  __rtentry.o(.ARM.Collect$$rtentry$$00000000)
    .ARM.Collect$$rtentry$$00000002          0x00000128   Section        0  __rtentry2.o(.ARM.Collect$$rtentry$$00000002)
    .ARM.Collect$$rtentry$$00000004          0x00000128   Section        6  __rtentry4.o(.ARM.Collect$$rtentry$$00000004)
    .ARM.Collect$$rtentry$$00000009          0x0000012e   Section        0  __rtentry2.o(.ARM.Collect$$rtentry$$00000009)
    .ARM.Collect$$rtentry$$0000000A          0x0000012e   Section        4  __rtentry2.o(.ARM.Collect$$rtentry$$0000000A)
    .ARM.Collect$$rtentry$$0000000C          0x00000132   Section        0  __rtentry2.o(.ARM.Collect$$rtentry$$0000000C)
    .ARM.Collect$$rtentry$$0000000D          0x00000132   Section        8  __rtentry2.o(.ARM.Collect$$rtentry$$0000000D)
    .ARM.Collect$$rtexit$$00000000           0x0000013a   Section        2  rtexit.o(.ARM.Collect$$rtexit$$00000000)
    .ARM.Collect$$rtexit$$00000002           0x0000013c   Section        0  rtexit2.o(.ARM.Collect$$rtexit$$00000002)
    .ARM.Collect$$rtexit$$00000003           0x0000013c   Section        4  rtexit2.o(.ARM.Collect$$rtexit$$00000003)
    .ARM.Collect$$rtexit$$00000004           0x00000140   Section        6  rtexit2.o(.ARM.Collect$$rtexit$$00000004)
    .text                                    0x00000148   Section      140  startup_nuc1xx.o(.text)
    Default_Handler                          0x00000183   Thumb Code     2  startup_nuc1xx.o(.text)
    .text                                    0x000001d4   Section      346  aeabi_sdiv.o(.text)
    .text                                    0x0000032e   Section        0  heapauxi.o(.text)
    .text                                    0x00000334   Section       62  sys_stackheap_outer.o(.text)
    .text                                    0x00000372   Section        0  exit.o(.text)
    .text                                    0x00000384   Section        8  libspace.o(.text)
    .text                                    0x0000038c   Section        0  sys_exit.o(.text)
    .text                                    0x00000398   Section        2  use_no_semi.o(.text)
    .text                                    0x0000039a   Section        0  __dclz77c.o(.text)
    .text                                    0x0000039a   Section        0  indicate_semi.o(.text)
    i.Animation_delay                        0x000003fc   Section        0  animation.o(i.Animation_delay)
    i.BAR_Refresh                            0x00000408   Section        0  animation.o(i.BAR_Refresh)
    i.BAR_tick_add                           0x0000051c   Section        0  animation.o(i.BAR_tick_add)
    i.BOD_IRQHandler                         0x0000052c   Section        0  drvsys.o(i.BOD_IRQHandler)
    i.CAT_animation                          0x00000554   Section        0  animation.o(i.CAT_animation)
    i.CalTimerInitValue                      0x000005f4   Section        0  drvtimer.o(i.CalTimerInitValue)
    CalTimerInitValue                        0x000005f5   Thumb Code    70  drvtimer.o(i.CalTimerInitValue)
    i.DrvGPIO_ClrBit                         0x0000063c   Section        0  drvgpio.o(i.DrvGPIO_ClrBit)
    i.DrvGPIO_GetBit                         0x00000668   Section        0  drvgpio.o(i.DrvGPIO_GetBit)
    i.DrvGPIO_InitFunction                   0x00000694   Section        0  drvgpio.o(i.DrvGPIO_InitFunction)
    i.DrvGPIO_Open                           0x00000dec   Section        0  drvgpio.o(i.DrvGPIO_Open)
    i.DrvGPIO_SetBit                         0x00000e74   Section        0  drvgpio.o(i.DrvGPIO_SetBit)
    i.DrvSYS_GetExtClockFreq                 0x00000ea0   Section        0  drvsys.o(i.DrvSYS_GetExtClockFreq)
    i.DrvSYS_GetHCLKFreq                     0x00000ea8   Section        0  drvsys.o(i.DrvSYS_GetHCLKFreq)
    i.DrvSYS_GetPLLClockFreq                 0x00000f18   Section        0  drvsys.o(i.DrvSYS_GetPLLClockFreq)
    i.DrvSYS_GetPLLContent                   0x00000f90   Section        0  drvsys.o(i.DrvSYS_GetPLLContent)
    i.DrvSYS_IsProtectedRegLocked            0x00001054   Section        0  drvsys.o(i.DrvSYS_IsProtectedRegLocked)
    i.DrvSYS_Open                            0x00001064   Section        0  drvsys.o(i.DrvSYS_Open)
    i.DrvSYS_SelectHCLKSource                0x00001124   Section        0  drvsys.o(i.DrvSYS_SelectHCLKSource)
    i.DrvSYS_SetPLLContent                   0x0000115c   Section        0  drvsys.o(i.DrvSYS_SetPLLContent)
    i.DrvTIMER_DisableInt                    0x000011a8   Section        0  drvtimer.o(i.DrvTIMER_DisableInt)
    i.DrvTIMER_EnableInt                     0x000011f4   Section        0  drvtimer.o(i.DrvTIMER_EnableInt)
    i.DrvTIMER_Init                          0x00001250   Section        0  drvtimer.o(i.DrvTIMER_Init)
    i.DrvTIMER_Open                          0x00001274   Section        0  drvtimer.o(i.DrvTIMER_Open)
    i.DrvTIMER_SetTimerEvent                 0x00001568   Section        0  drvtimer.o(i.DrvTIMER_SetTimerEvent)
    i.DrvTIMER_Start                         0x000017c0   Section        0  drvtimer.o(i.DrvTIMER_Start)
    i.EINT0_IRQHandler                       0x00001804   Section        0  drvgpio.o(i.EINT0_IRQHandler)
    i.EINT1_IRQHandler                       0x00001828   Section        0  drvgpio.o(i.EINT1_IRQHandler)
    i.GPAB_IRQHandler                        0x0000184c   Section        0  drvgpio.o(i.GPAB_IRQHandler)
    i.GPCDE_IRQHandler                       0x00001890   Section        0  drvgpio.o(i.GPCDE_IRQHandler)
    i.GetTimerClock                          0x000018dc   Section        0  drvtimer.o(i.GetTimerClock)
    GetTimerClock                            0x000018dd   Thumb Code   114  drvtimer.o(i.GetTimerClock)
    i.Initial_panel                          0x0000195c   Section        0  lcd_driver.o(i.Initial_panel)
    i.LCD_output                             0x00001b74   Section        0  lcd_function.o(i.LCD_output)
    i.NVIC_DisableIRQ                        0x00001dd4   Section        0  drvtimer.o(i.NVIC_DisableIRQ)
    NVIC_DisableIRQ                          0x00001dd5   Thumb Code    14  drvtimer.o(i.NVIC_DisableIRQ)
    i.NVIC_EnableIRQ                         0x00001de8   Section        0  drvtimer.o(i.NVIC_EnableIRQ)
    NVIC_EnableIRQ                           0x00001de9   Thumb Code    14  drvtimer.o(i.NVIC_EnableIRQ)
    i.NVIC_SetPriority                       0x00001dfc   Section        0  drvtimer.o(i.NVIC_SetPriority)
    NVIC_SetPriority                         0x00001dfd   Thumb Code   110  drvtimer.o(i.NVIC_SetPriority)
    i.OpenKeyPad                             0x00001e74   Section        0  scankey.o(i.OpenKeyPad)
    i.PWRWU_IRQHandler                       0x00001e90   Section        0  drvsys.o(i.PWRWU_IRQHandler)
    i.Scankey                                0x00001eb8   Section        0  scankey.o(i.Scankey)
    i.SetPACA                                0x00001f3c   Section        0  lcd_driver.o(i.SetPACA)
    i.SystemCoreClockUpdate                  0x00002030   Section        0  system_nuc1xx.o(i.SystemCoreClockUpdate)
    i.SystemInit                             0x000020d0   Section        0  system_nuc1xx.o(i.SystemInit)
    i.TMR0_IRQHandler                        0x000020d4   Section        0  drvtimer.o(i.TMR0_IRQHandler)
    i.TMR1_IRQHandler                        0x00002170   Section        0  drvtimer.o(i.TMR1_IRQHandler)
    i.TMR2_IRQHandler                        0x0000220c   Section        0  drvtimer.o(i.TMR2_IRQHandler)
    i.TMR3_IRQHandler                        0x000022a8   Section        0  drvtimer.o(i.TMR3_IRQHandler)
    i.WDT_IRQHandler                         0x00002344   Section        0  drvtimer.o(i.WDT_IRQHandler)
    i.WriteData                              0x00002378   Section        0  lcd_driver.o(i.WriteData)
    i.__ARM_common_switch8                   0x000023d0   Section        0  drvsys.o(i.__ARM_common_switch8)
    i.clr_all_panel                          0x000023ec   Section        0  lcd_driver.o(i.clr_all_panel)
    i.delay                                  0x00002414   Section        0  scankey.o(i.delay)
    i.draw_LCD                               0x00002424   Section        0  lcd_driver.o(i.draw_LCD)
    i.main                                   0x00002460   Section        0  main.o(i.main)
    .constdata                               0x00002724   Section       16  drvsys.o(.constdata)
    .constdata                               0x00002734   Section       16  drvtimer.o(.constdata)
    .constdata                               0x00002744   Section        4  scankey.o(.constdata)
    .data                                    0x20000000   Section       28  system_nuc1xx.o(.data)
    .data                                    0x2000001c   Section     1621  varible.o(.data)
    .data                                    0x20000674   Section        4  animation.o(.data)
    cat_select                               0x20000674   Data           4  animation.o(.data)
    .data                                    0x20000678   Section        8  drvsys.o(.data)
    BOD_callbackFn                           0x20000678   Data           4  drvsys.o(.data)
    PWRWU_callbackFn                         0x2000067c   Data           4  drvsys.o(.data)
    .data                                    0x20000680   Section       16  drvgpio.o(.data)
    _pfGPABCallback                          0x20000680   Data           4  drvgpio.o(.data)
    _pfGPCDECallback                         0x20000684   Data           4  drvgpio.o(.data)
    _pfEINT0Callback                         0x20000688   Data           4  drvgpio.o(.data)
    _pfEINT1Callback                         0x2000068c   Data           4  drvgpio.o(.data)
    .data                                    0x20000690   Section       16  lcd_driver.o(.data)
    .data                                    0x200006a0   Section      104  drvtimer.o(.data)
    uTimer0Tick                              0x200006d0   Data           4  drvtimer.o(.data)
    uTimer1Tick                              0x200006d4   Data           4  drvtimer.o(.data)
    uTimer2Tick                              0x200006d8   Data           4  drvtimer.o(.data)
    uTimer3Tick                              0x200006dc   Data           4  drvtimer.o(.data)
    uTime0EventCount                         0x200006e0   Data           4  drvtimer.o(.data)
    uTime1EventCount                         0x200006e4   Data           4  drvtimer.o(.data)
    uTime2EventCount                         0x200006e8   Data           4  drvtimer.o(.data)
    uTime3EventCount                         0x200006ec   Data           4  drvtimer.o(.data)
    _sys_uTimer0TickPerSecond                0x200006f0   Data           4  drvtimer.o(.data)
    _sys_uTimer1TickPerSecond                0x200006f4   Data           4  drvtimer.o(.data)
    _sys_uTimer2TickPerSecond                0x200006f8   Data           4  drvtimer.o(.data)
    _sys_uTimer3TickPerSecond                0x200006fc   Data           4  drvtimer.o(.data)
    fnCallBack_WDT                           0x20000704   Data           4  drvtimer.o(.data)
    .bss                                     0x20000708   Section     1024  lcd_function.o(.bss)
    LCD_output_temp                          0x20000708   Data        1024  lcd_function.o(.bss)
    .bss                                     0x20000b08   Section       80  drvtimer.o(.bss)
    tTime0Event                              0x20000b08   Data          20  drvtimer.o(.bss)
    tTime1Event                              0x20000b1c   Data          20  drvtimer.o(.bss)
    tTime2Event                              0x20000b30   Data          20  drvtimer.o(.bss)
    tTime3Event                              0x20000b44   Data          20  drvtimer.o(.bss)
    .bss                                     0x20000b58   Section       96  libspace.o(.bss)
    HEAP                                     0x20000bb8   Section        0  startup_nuc1xx.o(HEAP)
    STACK                                    0x20000bb8   Section     1024  startup_nuc1xx.o(STACK)
    Heap_Mem                                 0x20000bb8   Data           0  startup_nuc1xx.o(HEAP)
    Stack_Mem                                0x20000bb8   Data        1024  startup_nuc1xx.o(STACK)
    __initial_sp                             0x20000fb8   Data           0  startup_nuc1xx.o(STACK)

    Global Symbols

    Symbol Name                              Value     Ov Type        Size  Object(Section)

    BuildAttributes$$THM_ISAv3M$S$PE$A:L22$X:L11$S22$IEEE1$IW$USESV6$~STKCKD$USESV7$~SHL$OSPACE$ROPI$EBA8$UX$STANDARDLIB$REQ8$PRES8$EABIv2 0x00000000   Number         0  anon$$obj.o ABSOLUTE
    __ARM_use_no_argv                        0x00000000   Number         0  main.o ABSOLUTE
    __Vectors                                0x00000000   Data           4  startup_nuc1xx.o(RESET)
    __ARM_exceptions_init                     - Undefined Weak Reference
    __alloca_initialize                       - Undefined Weak Reference
    __arm_preinit_                            - Undefined Weak Reference
    __cpp_initialize__aeabi_                  - Undefined Weak Reference
    __cxa_finalize                            - Undefined Weak Reference
    __rt_locale                               - Undefined Weak Reference
    __sigvec_lookup                           - Undefined Weak Reference
    _atexit_init                              - Undefined Weak Reference
    _call_atexit_fns                          - Undefined Weak Reference
    _clock_init                               - Undefined Weak Reference
    _fp_trap_init                             - Undefined Weak Reference
    _fp_trap_shutdown                         - Undefined Weak Reference
    _get_lc_collate                           - Undefined Weak Reference
    _get_lc_ctype                             - Undefined Weak Reference
    _get_lc_monetary                          - Undefined Weak Reference
    _get_lc_numeric                           - Undefined Weak Reference
    _get_lc_time                              - Undefined Weak Reference
    _getenv_init                              - Undefined Weak Reference
    _handle_redirection                       - Undefined Weak Reference
    _init_alloc                               - Undefined Weak Reference
    _init_user_alloc                          - Undefined Weak Reference
    _initio                                   - Undefined Weak Reference
    _rand_init                                - Undefined Weak Reference
    _signal_finish                            - Undefined Weak Reference
    _signal_init                              - Undefined Weak Reference
    _terminate_alloc                          - Undefined Weak Reference
    _terminate_user_alloc                     - Undefined Weak Reference
    _terminateio                              - Undefined Weak Reference
    __main                                   0x000000c1   Thumb Code     8  __main.o(!!!main)
    __scatterload                            0x000000c9   Thumb Code     0  __scatter.o(!!!scatter)
    __scatterload_rt2                        0x000000c9   Thumb Code    52  __scatter.o(!!!scatter)
    __scatterload_rt2_thumb_only             0x000000c9   Thumb Code     0  __scatter.o(!!!scatter)
    __scatterload_null                       0x000000d9   Thumb Code     0  __scatter.o(!!!scatter)
    __scatterload_zeroinit                   0x00000105   Thumb Code    28  __scatter_zi.o(!!handler_zi)
    __rt_lib_init                            0x00000121   Thumb Code     0  libinit.o(.ARM.Collect$$libinit$$00000000)
    __rt_lib_init_alloca_1                   0x00000123   Thumb Code     0  libinit2.o(.ARM.Collect$$libinit$$0000002E)
    __rt_lib_init_argv_1                     0x00000123   Thumb Code     0  libinit2.o(.ARM.Collect$$libinit$$0000002C)
    __rt_lib_init_atexit_1                   0x00000123   Thumb Code     0  libinit2.o(.ARM.Collect$$libinit$$0000001B)
    __rt_lib_init_clock_1                    0x00000123   Thumb Code     0  libinit2.o(.ARM.Collect$$libinit$$00000021)
    __rt_lib_init_cpp_1                      0x00000123   Thumb Code     0  libinit2.o(.ARM.Collect$$libinit$$00000032)
    __rt_lib_init_exceptions_1               0x00000123   Thumb Code     0  libinit2.o(.ARM.Collect$$libinit$$00000030)
    __rt_lib_init_fp_1                       0x00000123   Thumb Code     0  libinit2.o(.ARM.Collect$$libinit$$00000002)
    __rt_lib_init_fp_trap_1                  0x00000123   Thumb Code     0  libinit2.o(.ARM.Collect$$libinit$$0000001F)
    __rt_lib_init_getenv_1                   0x00000123   Thumb Code     0  libinit2.o(.ARM.Collect$$libinit$$00000023)
    __rt_lib_init_heap_1                     0x00000123   Thumb Code     0  libinit2.o(.ARM.Collect$$libinit$$0000000A)
    __rt_lib_init_lc_collate_1               0x00000123   Thumb Code     0  libinit2.o(.ARM.Collect$$libinit$$00000011)
    __rt_lib_init_lc_ctype_1                 0x00000123   Thumb Code     0  libinit2.o(.ARM.Collect$$libinit$$00000013)
    __rt_lib_init_lc_monetary_1              0x00000123   Thumb Code     0  libinit2.o(.ARM.Collect$$libinit$$00000015)
    __rt_lib_init_lc_numeric_1               0x00000123   Thumb Code     0  libinit2.o(.ARM.Collect$$libinit$$00000017)
    __rt_lib_init_lc_time_1                  0x00000123   Thumb Code     0  libinit2.o(.ARM.Collect$$libinit$$00000019)
    __rt_lib_init_preinit_1                  0x00000123   Thumb Code     0  libinit2.o(.ARM.Collect$$libinit$$00000004)
    __rt_lib_init_rand_1                     0x00000123   Thumb Code     0  libinit2.o(.ARM.Collect$$libinit$$0000000E)
    __rt_lib_init_return                     0x00000123   Thumb Code     0  libinit2.o(.ARM.Collect$$libinit$$00000033)
    __rt_lib_init_signal_1                   0x00000123   Thumb Code     0  libinit2.o(.ARM.Collect$$libinit$$0000001D)
    __rt_lib_init_stdio_1                    0x00000123   Thumb Code     0  libinit2.o(.ARM.Collect$$libinit$$00000025)
    __rt_lib_init_user_alloc_1               0x00000123   Thumb Code     0  libinit2.o(.ARM.Collect$$libinit$$0000000C)
    __rt_lib_shutdown                        0x00000125   Thumb Code     0  libshutdown.o(.ARM.Collect$$libshutdown$$00000000)
    __rt_lib_shutdown_cpp_1                  0x00000127   Thumb Code     0  libshutdown2.o(.ARM.Collect$$libshutdown$$00000002)
    __rt_lib_shutdown_fp_trap_1              0x00000127   Thumb Code     0  libshutdown2.o(.ARM.Collect$$libshutdown$$00000007)
    __rt_lib_shutdown_heap_1                 0x00000127   Thumb Code     0  libshutdown2.o(.ARM.Collect$$libshutdown$$0000000F)
    __rt_lib_shutdown_return                 0x00000127   Thumb Code     0  libshutdown2.o(.ARM.Collect$$libshutdown$$00000010)
    __rt_lib_shutdown_signal_1               0x00000127   Thumb Code     0  libshutdown2.o(.ARM.Collect$$libshutdown$$0000000A)
    __rt_lib_shutdown_stdio_1                0x00000127   Thumb Code     0  libshutdown2.o(.ARM.Collect$$libshutdown$$00000004)
    __rt_lib_shutdown_user_alloc_1           0x00000127   Thumb Code     0  libshutdown2.o(.ARM.Collect$$libshutdown$$0000000C)
    __rt_entry                               0x00000129   Thumb Code     0  __rtentry.o(.ARM.Collect$$rtentry$$00000000)
    __rt_entry_presh_1                       0x00000129   Thumb Code     0  __rtentry2.o(.ARM.Collect$$rtentry$$00000002)
    __rt_entry_sh                            0x00000129   Thumb Code     0  __rtentry4.o(.ARM.Collect$$rtentry$$00000004)
    __rt_entry_li                            0x0000012f   Thumb Code     0  __rtentry2.o(.ARM.Collect$$rtentry$$0000000A)
    __rt_entry_postsh_1                      0x0000012f   Thumb Code     0  __rtentry2.o(.ARM.Collect$$rtentry$$00000009)
    __rt_entry_main                          0x00000133   Thumb Code     0  __rtentry2.o(.ARM.Collect$$rtentry$$0000000D)
    __rt_entry_postli_1                      0x00000133   Thumb Code     0  __rtentry2.o(.ARM.Collect$$rtentry$$0000000C)
    __rt_exit                                0x0000013b   Thumb Code     0  rtexit.o(.ARM.Collect$$rtexit$$00000000)
    __rt_exit_ls                             0x0000013d   Thumb Code     0  rtexit2.o(.ARM.Collect$$rtexit$$00000003)
    __rt_exit_prels_1                        0x0000013d   Thumb Code     0  rtexit2.o(.ARM.Collect$$rtexit$$00000002)
    __rt_exit_exit                           0x00000141   Thumb Code     0  rtexit2.o(.ARM.Collect$$rtexit$$00000004)
    Reset_Handler                            0x00000149   Thumb Code    32  startup_nuc1xx.o(.text)
    NMI_Handler                              0x00000169   Thumb Code     2  startup_nuc1xx.o(.text)
    HardFault_Handler                        0x0000016b   Thumb Code    18  startup_nuc1xx.o(.text)
    SVC_Handler                              0x0000017d   Thumb Code     2  startup_nuc1xx.o(.text)
    PendSV_Handler                           0x0000017f   Thumb Code     2  startup_nuc1xx.o(.text)
    SysTick_Handler                          0x00000181   Thumb Code     2  startup_nuc1xx.o(.text)
    ACMP_IRQHandler                          0x00000183   Thumb Code     0  startup_nuc1xx.o(.text)
    ADC_IRQHandler                           0x00000183   Thumb Code     0  startup_nuc1xx.o(.text)
    CAN0_IRQHandler                          0x00000183   Thumb Code     0  startup_nuc1xx.o(.text)
    I2C0_IRQHandler                          0x00000183   Thumb Code     0  startup_nuc1xx.o(.text)
    I2C1_IRQHandler                          0x00000183   Thumb Code     0  startup_nuc1xx.o(.text)
    I2S_IRQHandler                           0x00000183   Thumb Code     0  startup_nuc1xx.o(.text)
    PDMA_IRQHandler                          0x00000183   Thumb Code     0  startup_nuc1xx.o(.text)
    PS2_IRQHandler                           0x00000183   Thumb Code     0  startup_nuc1xx.o(.text)
    PWMA_IRQHandler                          0x00000183   Thumb Code     0  startup_nuc1xx.o(.text)
    PWMB_IRQHandler                          0x00000183   Thumb Code     0  startup_nuc1xx.o(.text)
    RTC_IRQHandler                           0x00000183   Thumb Code     0  startup_nuc1xx.o(.text)
    SPI0_IRQHandler                          0x00000183   Thumb Code     0  startup_nuc1xx.o(.text)
    SPI1_IRQHandler                          0x00000183   Thumb Code     0  startup_nuc1xx.o(.text)
    SPI2_IRQHandler                          0x00000183   Thumb Code     0  startup_nuc1xx.o(.text)
    SPI3_IRQHandler                          0x00000183   Thumb Code     0  startup_nuc1xx.o(.text)
    UART02_IRQHandler                        0x00000183   Thumb Code     0  startup_nuc1xx.o(.text)
    UART1_IRQHandler                         0x00000183   Thumb Code     0  startup_nuc1xx.o(.text)
    USBD_IRQHandler                          0x00000183   Thumb Code     0  startup_nuc1xx.o(.text)
    __user_initial_stackheap                 0x00000185   Thumb Code     0  startup_nuc1xx.o(.text)
    SH_DoCommand                             0x00000191   Thumb Code     0  startup_nuc1xx.o(.text)
    __aeabi_uidiv                            0x000001d5   Thumb Code     0  aeabi_sdiv.o(.text)
    __aeabi_uidivmod                         0x000001d5   Thumb Code    20  aeabi_sdiv.o(.text)
    __aeabi_idiv                             0x000001e9   Thumb Code     0  aeabi_sdiv.o(.text)
    __aeabi_idivmod                          0x000001e9   Thumb Code   326  aeabi_sdiv.o(.text)
    __use_two_region_memory                  0x0000032f   Thumb Code     2  heapauxi.o(.text)
    __rt_heap_escrow$2region                 0x00000331   Thumb Code     2  heapauxi.o(.text)
    __rt_heap_expand$2region                 0x00000333   Thumb Code     2  heapauxi.o(.text)
    __user_setup_stackheap                   0x00000335   Thumb Code    62  sys_stackheap_outer.o(.text)
    exit                                     0x00000373   Thumb Code    16  exit.o(.text)
    __user_libspace                          0x00000385   Thumb Code     8  libspace.o(.text)
    __user_perproc_libspace                  0x00000385   Thumb Code     0  libspace.o(.text)
    __user_perthread_libspace                0x00000385   Thumb Code     0  libspace.o(.text)
    _sys_exit                                0x0000038d   Thumb Code     8  sys_exit.o(.text)
    __I$use$semihosting                      0x00000399   Thumb Code     0  use_no_semi.o(.text)
    __use_no_semihosting_swi                 0x00000399   Thumb Code     2  use_no_semi.o(.text)
    __decompress                             0x0000039b   Thumb Code     0  __dclz77c.o(.text)
    __decompress2                            0x0000039b   Thumb Code    96  __dclz77c.o(.text)
    __semihosting_library_function           0x0000039b   Thumb Code     0  indicate_semi.o(.text)
    Animation_delay                          0x000003fd   Thumb Code     8  animation.o(i.Animation_delay)
    BAR_Refresh                              0x00000409   Thumb Code   266  animation.o(i.BAR_Refresh)
    BAR_tick_add                             0x0000051d   Thumb Code    12  animation.o(i.BAR_tick_add)
    BOD_IRQHandler                           0x0000052d   Thumb Code    36  drvsys.o(i.BOD_IRQHandler)
    CAT_animation                            0x00000555   Thumb Code   128  animation.o(i.CAT_animation)
    DrvGPIO_ClrBit                           0x0000063d   Thumb Code    36  drvgpio.o(i.DrvGPIO_ClrBit)
    DrvGPIO_GetBit                           0x00000669   Thumb Code    36  drvgpio.o(i.DrvGPIO_GetBit)
    DrvGPIO_InitFunction                     0x00000695   Thumb Code  1864  drvgpio.o(i.DrvGPIO_InitFunction)
    DrvGPIO_Open                             0x00000ded   Thumb Code   126  drvgpio.o(i.DrvGPIO_Open)
    DrvGPIO_SetBit                           0x00000e75   Thumb Code    36  drvgpio.o(i.DrvGPIO_SetBit)
    DrvSYS_GetExtClockFreq                   0x00000ea1   Thumb Code     4  drvsys.o(i.DrvSYS_GetExtClockFreq)
    DrvSYS_GetHCLKFreq                       0x00000ea9   Thumb Code    94  drvsys.o(i.DrvSYS_GetHCLKFreq)
    DrvSYS_GetPLLClockFreq                   0x00000f19   Thumb Code   104  drvsys.o(i.DrvSYS_GetPLLClockFreq)
    DrvSYS_GetPLLContent                     0x00000f91   Thumb Code   168  drvsys.o(i.DrvSYS_GetPLLContent)
    DrvSYS_IsProtectedRegLocked              0x00001055   Thumb Code    10  drvsys.o(i.DrvSYS_IsProtectedRegLocked)
    DrvSYS_Open                              0x00001065   Thumb Code   174  drvsys.o(i.DrvSYS_Open)
    DrvSYS_SelectHCLKSource                  0x00001125   Thumb Code    46  drvsys.o(i.DrvSYS_SelectHCLKSource)
    DrvSYS_SetPLLContent                     0x0000115d   Thumb Code    72  drvsys.o(i.DrvSYS_SetPLLContent)
    DrvTIMER_DisableInt                      0x000011a9   Thumb Code    64  drvtimer.o(i.DrvTIMER_DisableInt)
    DrvTIMER_EnableInt                       0x000011f5   Thumb Code    78  drvtimer.o(i.DrvTIMER_EnableInt)
    DrvTIMER_Init                            0x00001251   Thumb Code    20  drvtimer.o(i.DrvTIMER_Init)
    DrvTIMER_Open                            0x00001275   Thumb Code   660  drvtimer.o(i.DrvTIMER_Open)
    DrvTIMER_SetTimerEvent                   0x00001569   Thumb Code   548  drvtimer.o(i.DrvTIMER_SetTimerEvent)
    DrvTIMER_Start                           0x000017c1   Thumb Code    54  drvtimer.o(i.DrvTIMER_Start)
    EINT0_IRQHandler                         0x00001805   Thumb Code    26  drvgpio.o(i.EINT0_IRQHandler)
    EINT1_IRQHandler                         0x00001829   Thumb Code    26  drvgpio.o(i.EINT1_IRQHandler)
    GPAB_IRQHandler                          0x0000184d   Thumb Code    60  drvgpio.o(i.GPAB_IRQHandler)
    GPCDE_IRQHandler                         0x00001891   Thumb Code    68  drvgpio.o(i.GPCDE_IRQHandler)
    Initial_panel                            0x0000195d   Thumb Code   526  lcd_driver.o(i.Initial_panel)
    LCD_output                               0x00001b75   Thumb Code   590  lcd_function.o(i.LCD_output)
    OpenKeyPad                               0x00001e75   Thumb Code    26  scankey.o(i.OpenKeyPad)
    PWRWU_IRQHandler                         0x00001e91   Thumb Code    32  drvsys.o(i.PWRWU_IRQHandler)
    Scankey                                  0x00001eb9   Thumb Code   126  scankey.o(i.Scankey)
    SetPACA                                  0x00001f3d   Thumb Code   240  lcd_driver.o(i.SetPACA)
    SystemCoreClockUpdate                    0x00002031   Thumb Code   132  system_nuc1xx.o(i.SystemCoreClockUpdate)
    SystemInit                               0x000020d1   Thumb Code     2  system_nuc1xx.o(i.SystemInit)
    TMR0_IRQHandler                          0x000020d5   Thumb Code   144  drvtimer.o(i.TMR0_IRQHandler)
    TMR1_IRQHandler                          0x00002171   Thumb Code   144  drvtimer.o(i.TMR1_IRQHandler)
    TMR2_IRQHandler                          0x0000220d   Thumb Code   144  drvtimer.o(i.TMR2_IRQHandler)
    TMR3_IRQHandler                          0x000022a9   Thumb Code   144  drvtimer.o(i.TMR3_IRQHandler)
    WDT_IRQHandler                           0x00002345   Thumb Code    44  drvtimer.o(i.WDT_IRQHandler)
    WriteData                                0x00002379   Thumb Code    82  lcd_driver.o(i.WriteData)
    __ARM_common_switch8                     0x000023d1   Thumb Code    28  drvsys.o(i.__ARM_common_switch8)
    clr_all_panel                            0x000023ed   Thumb Code    40  lcd_driver.o(i.clr_all_panel)
    delay                                    0x00002415   Thumb Code    16  scankey.o(i.delay)
    draw_LCD                                 0x00002425   Thumb Code    60  lcd_driver.o(i.draw_LCD)
    main                                     0x00002461   Thumb Code   630  main.o(i.main)
    CH_OFFSET                                0x00002734   Data          16  drvtimer.o(.constdata)
    Region$$Table$$Base                      0x00002748   Number         0  anon$$obj.o(Region$$Table)
    Region$$Table$$Limit                     0x00002768   Number         0  anon$$obj.o(Region$$Table)
    SystemCoreClock                          0x20000000   Data           4  system_nuc1xx.o(.data)
    CyclesPerUs                              0x20000004   Data           4  system_nuc1xx.o(.data)
    gau32ClkSrcTbl                           0x20000008   Data          20  system_nuc1xx.o(.data)
    bar_tick                                 0x2000001c   Data           4  varible.o(.data)
    happiness                                0x20000020   Data           4  varible.o(.data)
    hunger                                   0x20000024   Data           4  varible.o(.data)
    growth                                   0x20000028   Data           4  varible.o(.data)
    level                                    0x2000002c   Data           4  varible.o(.data)
    level_max                                0x20000030   Data           4  varible.o(.data)
    CH_select                                0x20000034   Data          12  varible.o(.data)
    PIC_data_select                          0x20000040   Data          28  varible.o(.data)
    PIC_HAPPINESS_select                     0x2000005c   Data           4  varible.o(.data)
    PIC_HUNGER_select                        0x20000060   Data           4  varible.o(.data)
    PIC_HAPPINESS_BAR_select                 0x20000064   Data           4  varible.o(.data)
    PIC_HUNGER_BAR_select                    0x20000068   Data           4  varible.o(.data)
    PIC_CAT_LV0_select                       0x2000006c   Data           8  varible.o(.data)
    PIC_CAT_LV1_select                       0x20000074   Data           8  varible.o(.data)
    PIC_CAT_EAT_select                       0x2000007c   Data           8  varible.o(.data)
    PIC_CAT_PLAY_select                      0x20000084   Data           8  varible.o(.data)
    data_num                                 0x2000008c   Data           4  varible.o(.data)
    cat_lv0_num                              0x20000090   Data           4  varible.o(.data)
    cat_lv1_num                              0x20000094   Data           4  varible.o(.data)
    cat_eat_num                              0x20000098   Data           4  varible.o(.data)
    cat_play_num                             0x2000009c   Data           4  varible.o(.data)
    CAT1_LV0_data                            0x200000a0   Data         342  varible.o(.data)
    CAT1_LV0_PIC                             0x200001f8   Data           8  varible.o(.data)
    CAT2_LV0_data                            0x20000200   Data         342  varible.o(.data)
    CAT2_LV0_PIC                             0x20000358   Data           8  varible.o(.data)
    CAT1_LV1_data                            0x20000360   Data         110  varible.o(.data)
    CAT1_LV1_PIC                             0x200003d0   Data           8  varible.o(.data)
    CAT2_LV1_data                            0x200003d8   Data         110  varible.o(.data)
    CAT2_LV1_PIC                             0x20000448   Data           8  varible.o(.data)
    CAT_EAT1_data                            0x20000450   Data          34  varible.o(.data)
    CAT_EAT1_PIC                             0x20000474   Data           8  varible.o(.data)
    CAT_EAT2_data                            0x2000047c   Data          26  varible.o(.data)
    CAT_EAT2_PIC                             0x20000498   Data           8  varible.o(.data)
    CAT_PLAY1_data                           0x200004a0   Data          45  varible.o(.data)
    CAT_PLAY1_PIC                            0x200004d0   Data           8  varible.o(.data)
    CAT_PLAY2_data                           0x200004d8   Data          30  varible.o(.data)
    CAT_PLAY2_PIC                            0x200004f8   Data           8  varible.o(.data)
    CAT_EAT_PIC                              0x20000500   Data           4  varible.o(.data)
    CAT_PLAY_PIC                             0x20000504   Data           4  varible.o(.data)
    CAT_PIC                                  0x20000508   Data           4  varible.o(.data)
    HUNGER_data                              0x2000050c   Data          58  varible.o(.data)
    HUNGER_PIC                               0x20000548   Data           8  varible.o(.data)
    HAPPINESS_data                           0x20000550   Data          66  varible.o(.data)
    HAPPINESS_PIC                            0x20000594   Data           8  varible.o(.data)
    HAPPINESS_BAR_data                       0x2000059c   Data          82  varible.o(.data)
    HAPPINESS_BAR_PIC                        0x200005f0   Data           8  varible.o(.data)
    HUNGER_BAR_data                          0x200005f8   Data          82  varible.o(.data)
    HUNGER_BAR_PIC                           0x2000064c   Data           8  varible.o(.data)
    LCD_OUTPUT_CONST                         0x20000654   Data          28  varible.o(.data)
    delay_flag                               0x20000670   Data           1  varible.o(.data)
    SPI_PORT                                 0x20000690   Data          16  lcd_driver.o(.data)
    bIsTimer0Initial                         0x200006a0   Data           4  drvtimer.o(.data)
    bIsTimer1Initial                         0x200006a4   Data           4  drvtimer.o(.data)
    bIsTimer2Initial                         0x200006a8   Data           4  drvtimer.o(.data)
    bIsTimer3Initial                         0x200006ac   Data           4  drvtimer.o(.data)
    bIsTimer0Used                            0x200006b0   Data           4  drvtimer.o(.data)
    bIsTimer1Used                            0x200006b4   Data           4  drvtimer.o(.data)
    bIsTimer2Used                            0x200006b8   Data           4  drvtimer.o(.data)
    bIsTimer3Used                            0x200006bc   Data           4  drvtimer.o(.data)
    bIsSetTime0Event                         0x200006c0   Data           4  drvtimer.o(.data)
    bIsSetTime1Event                         0x200006c4   Data           4  drvtimer.o(.data)
    bIsSetTime2Event                         0x200006c8   Data           4  drvtimer.o(.data)
    bIsSetTime3Event                         0x200006cc   Data           4  drvtimer.o(.data)
    u32EXTClockFreq                          0x20000700   Data           4  drvtimer.o(.data)
    __libspace_start                         0x20000b58   Data          96  libspace.o(.bss)
    __temporary_stack_top$libspace           0x20000bb8   Data           0  libspace.o(.bss)



==============================================================================

Memory Map of the image

  Image Entry point : 0x00000149

  Load Region LR_IROM1 (Base: 0x00000000, Size: 0x00002e70, Max: 0x00020000, ABSOLUTE, COMPRESSED[0x00002a00])

    Execution Region ER_IROM1 (Exec base: 0x00000000, Load base: 0x00000000, Size: 0x00002768, Max: 0x00020000, ABSOLUTE)

    Exec Addr    Load Addr    Size         Type   Attr      Idx    E Section Name        Object

    0x00000000   0x00000000   0x000000c0   Data   RO            3    RESET               startup_nuc1xx.o
    0x000000c0   0x000000c0   0x00000008   Code   RO         1129  * !!!main             c_p.l(__main.o)
    0x000000c8   0x000000c8   0x0000003c   Code   RO         1300    !!!scatter          c_p.l(__scatter.o)
    0x00000104   0x00000104   0x0000001c   Code   RO         1302    !!handler_zi        c_p.l(__scatter_zi.o)
    0x00000120   0x00000120   0x00000002   Code   RO         1167    .ARM.Collect$$libinit$$00000000  c_p.l(libinit.o)
    0x00000122   0x00000122   0x00000000   Code   RO         1181    .ARM.Collect$$libinit$$00000002  c_p.l(libinit2.o)
    0x00000122   0x00000122   0x00000000   Code   RO         1183    .ARM.Collect$$libinit$$00000004  c_p.l(libinit2.o)
    0x00000122   0x00000122   0x00000000   Code   RO         1186    .ARM.Collect$$libinit$$0000000A  c_p.l(libinit2.o)
    0x00000122   0x00000122   0x00000000   Code   RO         1188    .ARM.Collect$$libinit$$0000000C  c_p.l(libinit2.o)
    0x00000122   0x00000122   0x00000000   Code   RO         1190    .ARM.Collect$$libinit$$0000000E  c_p.l(libinit2.o)
    0x00000122   0x00000122   0x00000000   Code   RO         1193    .ARM.Collect$$libinit$$00000011  c_p.l(libinit2.o)
    0x00000122   0x00000122   0x00000000   Code   RO         1195    .ARM.Collect$$libinit$$00000013  c_p.l(libinit2.o)
    0x00000122   0x00000122   0x00000000   Code   RO         1197    .ARM.Collect$$libinit$$00000015  c_p.l(libinit2.o)
    0x00000122   0x00000122   0x00000000   Code   RO         1199    .ARM.Collect$$libinit$$00000017  c_p.l(libinit2.o)
    0x00000122   0x00000122   0x00000000   Code   RO         1201    .ARM.Collect$$libinit$$00000019  c_p.l(libinit2.o)
    0x00000122   0x00000122   0x00000000   Code   RO         1203    .ARM.Collect$$libinit$$0000001B  c_p.l(libinit2.o)
    0x00000122   0x00000122   0x00000000   Code   RO         1205    .ARM.Collect$$libinit$$0000001D  c_p.l(libinit2.o)
    0x00000122   0x00000122   0x00000000   Code   RO         1207    .ARM.Collect$$libinit$$0000001F  c_p.l(libinit2.o)
    0x00000122   0x00000122   0x00000000   Code   RO         1209    .ARM.Collect$$libinit$$00000021  c_p.l(libinit2.o)
    0x00000122   0x00000122   0x00000000   Code   RO         1211    .ARM.Collect$$libinit$$00000023  c_p.l(libinit2.o)
    0x00000122   0x00000122   0x00000000   Code   RO         1213    .ARM.Collect$$libinit$$00000025  c_p.l(libinit2.o)
    0x00000122   0x00000122   0x00000000   Code   RO         1217    .ARM.Collect$$libinit$$0000002C  c_p.l(libinit2.o)
    0x00000122   0x00000122   0x00000000   Code   RO         1219    .ARM.Collect$$libinit$$0000002E  c_p.l(libinit2.o)
    0x00000122   0x00000122   0x00000000   Code   RO         1221    .ARM.Collect$$libinit$$00000030  c_p.l(libinit2.o)
    0x00000122   0x00000122   0x00000000   Code   RO         1223    .ARM.Collect$$libinit$$00000032  c_p.l(libinit2.o)
    0x00000122   0x00000122   0x00000002   Code   RO         1224    .ARM.Collect$$libinit$$00000033  c_p.l(libinit2.o)
    0x00000124   0x00000124   0x00000002   Code   RO         1255    .ARM.Collect$$libshutdown$$00000000  c_p.l(libshutdown.o)
    0x00000126   0x00000126   0x00000000   Code   RO         1281    .ARM.Collect$$libshutdown$$00000002  c_p.l(libshutdown2.o)
    0x00000126   0x00000126   0x00000000   Code   RO         1283    .ARM.Collect$$libshutdown$$00000004  c_p.l(libshutdown2.o)
    0x00000126   0x00000126   0x00000000   Code   RO         1286    .ARM.Collect$$libshutdown$$00000007  c_p.l(libshutdown2.o)
    0x00000126   0x00000126   0x00000000   Code   RO         1289    .ARM.Collect$$libshutdown$$0000000A  c_p.l(libshutdown2.o)
    0x00000126   0x00000126   0x00000000   Code   RO         1291    .ARM.Collect$$libshutdown$$0000000C  c_p.l(libshutdown2.o)
    0x00000126   0x00000126   0x00000000   Code   RO         1294    .ARM.Collect$$libshutdown$$0000000F  c_p.l(libshutdown2.o)
    0x00000126   0x00000126   0x00000002   Code   RO         1295    .ARM.Collect$$libshutdown$$00000010  c_p.l(libshutdown2.o)
    0x00000128   0x00000128   0x00000000   Code   RO         1131    .ARM.Collect$$rtentry$$00000000  c_p.l(__rtentry.o)
    0x00000128   0x00000128   0x00000000   Code   RO         1137    .ARM.Collect$$rtentry$$00000002  c_p.l(__rtentry2.o)
    0x00000128   0x00000128   0x00000006   Code   RO         1149    .ARM.Collect$$rtentry$$00000004  c_p.l(__rtentry4.o)
    0x0000012e   0x0000012e   0x00000000   Code   RO         1139    .ARM.Collect$$rtentry$$00000009  c_p.l(__rtentry2.o)
    0x0000012e   0x0000012e   0x00000004   Code   RO         1140    .ARM.Collect$$rtentry$$0000000A  c_p.l(__rtentry2.o)
    0x00000132   0x00000132   0x00000000   Code   RO         1142    .ARM.Collect$$rtentry$$0000000C  c_p.l(__rtentry2.o)
    0x00000132   0x00000132   0x00000008   Code   RO         1143    .ARM.Collect$$rtentry$$0000000D  c_p.l(__rtentry2.o)
    0x0000013a   0x0000013a   0x00000002   Code   RO         1172    .ARM.Collect$$rtexit$$00000000  c_p.l(rtexit.o)
    0x0000013c   0x0000013c   0x00000000   Code   RO         1228    .ARM.Collect$$rtexit$$00000002  c_p.l(rtexit2.o)
    0x0000013c   0x0000013c   0x00000004   Code   RO         1229    .ARM.Collect$$rtexit$$00000003  c_p.l(rtexit2.o)
    0x00000140   0x00000140   0x00000006   Code   RO         1230    .ARM.Collect$$rtexit$$00000004  c_p.l(rtexit2.o)
    0x00000146   0x00000146   0x00000002   PAD
    0x00000148   0x00000148   0x0000008c   Code   RO            4  * .text               startup_nuc1xx.o
    0x000001d4   0x000001d4   0x0000015a   Code   RO         1123    .text               c_p.l(aeabi_sdiv.o)
    0x0000032e   0x0000032e   0x00000006   Code   RO         1127    .text               c_p.l(heapauxi.o)
    0x00000334   0x00000334   0x0000003e   Code   RO         1153    .text               c_p.l(sys_stackheap_outer.o)
    0x00000372   0x00000372   0x00000010   Code   RO         1156    .text               c_p.l(exit.o)
    0x00000382   0x00000382   0x00000002   PAD
    0x00000384   0x00000384   0x00000008   Code   RO         1168    .text               c_p.l(libspace.o)
    0x0000038c   0x0000038c   0x0000000c   Code   RO         1225    .text               c_p.l(sys_exit.o)
    0x00000398   0x00000398   0x00000002   Code   RO         1244    .text               c_p.l(use_no_semi.o)
    0x0000039a   0x0000039a   0x00000000   Code   RO         1246    .text               c_p.l(indicate_semi.o)
    0x0000039a   0x0000039a   0x00000060   Code   RO         1298    .text               c_p.l(__dclz77c.o)
    0x000003fa   0x000003fa   0x00000002   PAD
    0x000003fc   0x000003fc   0x0000000c   Code   RO          109    i.Animation_delay   animation.o
    0x00000408   0x00000408   0x00000114   Code   RO          110    i.BAR_Refresh       animation.o
    0x0000051c   0x0000051c   0x00000010   Code   RO          111    i.BAR_tick_add      animation.o
    0x0000052c   0x0000052c   0x00000028   Code   RO          156    i.BOD_IRQHandler    drvsys.o
    0x00000554   0x00000554   0x000000a0   Code   RO          112    i.CAT_animation     animation.o
    0x000005f4   0x000005f4   0x00000046   Code   RO          786    i.CalTimerInitValue  drvtimer.o
    0x0000063a   0x0000063a   0x00000002   PAD
    0x0000063c   0x0000063c   0x0000002c   Code   RO          472    i.DrvGPIO_ClrBit    drvgpio.o
    0x00000668   0x00000668   0x0000002c   Code   RO          485    i.DrvGPIO_GetBit    drvgpio.o
    0x00000694   0x00000694   0x00000758   Code   RO          494    i.DrvGPIO_InitFunction  drvgpio.o
    0x00000dec   0x00000dec   0x00000088   Code   RO          495    i.DrvGPIO_Open      drvgpio.o
    0x00000e74   0x00000e74   0x0000002c   Code   RO          496    i.DrvGPIO_SetBit    drvgpio.o
    0x00000ea0   0x00000ea0   0x00000008   Code   RO          174    i.DrvSYS_GetExtClockFreq  drvsys.o
    0x00000ea8   0x00000ea8   0x00000070   Code   RO          175    i.DrvSYS_GetHCLKFreq  drvsys.o
    0x00000f18   0x00000f18   0x00000078   Code   RO          176    i.DrvSYS_GetPLLClockFreq  drvsys.o
    0x00000f90   0x00000f90   0x000000c4   Code   RO          177    i.DrvSYS_GetPLLContent  drvsys.o
    0x00001054   0x00001054   0x00000010   Code   RO          180    i.DrvSYS_IsProtectedRegLocked  drvsys.o
    0x00001064   0x00001064   0x000000c0   Code   RO          182    i.DrvSYS_Open       drvsys.o
    0x00001124   0x00001124   0x00000038   Code   RO          188    i.DrvSYS_SelectHCLKSource  drvsys.o
    0x0000115c   0x0000115c   0x0000004c   Code   RO          197    i.DrvSYS_SetPLLContent  drvsys.o
    0x000011a8   0x000011a8   0x0000004c   Code   RO          797    i.DrvTIMER_DisableInt  drvtimer.o
    0x000011f4   0x000011f4   0x0000005c   Code   RO          802    i.DrvTIMER_EnableInt  drvtimer.o
    0x00001250   0x00001250   0x00000024   Code   RO          809    i.DrvTIMER_Init     drvtimer.o
    0x00001274   0x00001274   0x000002f4   Code   RO          810    i.DrvTIMER_Open     drvtimer.o
    0x00001568   0x00001568   0x00000258   Code   RO          817    i.DrvTIMER_SetTimerEvent  drvtimer.o
    0x000017c0   0x000017c0   0x00000044   Code   RO          818    i.DrvTIMER_Start    drvtimer.o
    0x00001804   0x00001804   0x00000024   Code   RO          502    i.EINT0_IRQHandler  drvgpio.o
    0x00001828   0x00001828   0x00000024   Code   RO          503    i.EINT1_IRQHandler  drvgpio.o
    0x0000184c   0x0000184c   0x00000044   Code   RO          504    i.GPAB_IRQHandler   drvgpio.o
    0x00001890   0x00001890   0x0000004c   Code   RO          505    i.GPCDE_IRQHandler  drvgpio.o
    0x000018dc   0x000018dc   0x00000080   Code   RO          824    i.GetTimerClock     drvtimer.o
    0x0000195c   0x0000195c   0x00000218   Code   RO          705    i.Initial_panel     lcd_driver.o
    0x00001b74   0x00001b74   0x00000260   Code   RO          143    i.LCD_output        lcd_function.o
    0x00001dd4   0x00001dd4   0x00000014   Code   RO          825    i.NVIC_DisableIRQ   drvtimer.o
    0x00001de8   0x00001de8   0x00000014   Code   RO          826    i.NVIC_EnableIRQ    drvtimer.o
    0x00001dfc   0x00001dfc   0x00000078   Code   RO          827    i.NVIC_SetPriority  drvtimer.o
    0x00001e74   0x00001e74   0x0000001a   Code   RO         1085    i.OpenKeyPad        scankey.o
    0x00001e8e   0x00001e8e   0x00000002   PAD
    0x00001e90   0x00001e90   0x00000028   Code   RO          204    i.PWRWU_IRQHandler  drvsys.o
    0x00001eb8   0x00001eb8   0x00000084   Code   RO         1086    i.Scankey           scankey.o
    0x00001f3c   0x00001f3c   0x000000f4   Code   RO          706    i.SetPACA           lcd_driver.o
    0x00002030   0x00002030   0x000000a0   Code   RO           10    i.SystemCoreClockUpdate  system_nuc1xx.o
    0x000020d0   0x000020d0   0x00000002   Code   RO           11    i.SystemInit        system_nuc1xx.o
    0x000020d2   0x000020d2   0x00000002   PAD
    0x000020d4   0x000020d4   0x0000009c   Code   RO          828    i.TMR0_IRQHandler   drvtimer.o
    0x00002170   0x00002170   0x0000009c   Code   RO          829    i.TMR1_IRQHandler   drvtimer.o
    0x0000220c   0x0000220c   0x0000009c   Code   RO          830    i.TMR2_IRQHandler   drvtimer.o
    0x000022a8   0x000022a8   0x0000009c   Code   RO          831    i.TMR3_IRQHandler   drvtimer.o
    0x00002344   0x00002344   0x00000034   Code   RO          832    i.WDT_IRQHandler    drvtimer.o
    0x00002378   0x00002378   0x00000058   Code   RO          709    i.WriteData         lcd_driver.o
    0x000023d0   0x000023d0   0x0000001c   Code   RO          453    i.__ARM_common_switch8  drvsys.o
    0x000023ec   0x000023ec   0x00000028   Code   RO          710    i.clr_all_panel     lcd_driver.o
    0x00002414   0x00002414   0x00000010   Code   RO         1087    i.delay             scankey.o
    0x00002424   0x00002424   0x0000003c   Code   RO          711    i.draw_LCD          lcd_driver.o
    0x00002460   0x00002460   0x000002c4   Code   RO           50    i.main              main.o
    0x00002724   0x00002724   0x00000010   Data   RO          205    .constdata          drvsys.o
    0x00002734   0x00002734   0x00000010   Data   RO          834    .constdata          drvtimer.o
    0x00002744   0x00002744   0x00000004   Data   RO         1088    .constdata          scankey.o
    0x00002748   0x00002748   0x00000020   Data   RO         1296    Region$$Table       anon$$obj.o


    Execution Region RW_IRAM1 (Exec base: 0x20000000, Load base: 0x00002768, Size: 0x00000fb8, Max: 0x00004000, ABSOLUTE, COMPRESSED[0x00000298])

    Exec Addr    Load Addr    Size         Type   Attr      Idx    E Section Name        Object

    0x20000000   COMPRESSED   0x0000001c   Data   RW           12    .data               system_nuc1xx.o
    0x2000001c   COMPRESSED   0x00000655   Data   RW           94    .data               varible.o
    0x20000671   COMPRESSED   0x00000003   PAD
    0x20000674   COMPRESSED   0x00000004   Data   RW          113    .data               animation.o
    0x20000678   COMPRESSED   0x00000008   Data   RW          206    .data               drvsys.o
    0x20000680   COMPRESSED   0x00000010   Data   RW          509    .data               drvgpio.o
    0x20000690   COMPRESSED   0x00000010   Data   RW          714    .data               lcd_driver.o
    0x200006a0   COMPRESSED   0x00000068   Data   RW          835    .data               drvtimer.o
    0x20000708        -       0x00000400   Zero   RW          144    .bss                lcd_function.o
    0x20000b08        -       0x00000050   Zero   RW          833    .bss                drvtimer.o
    0x20000b58        -       0x00000060   Zero   RW         1169    .bss                c_p.l(libspace.o)
    0x20000bb8        -       0x00000000   Zero   RW            2    HEAP                startup_nuc1xx.o
    0x20000bb8        -       0x00000400   Zero   RW            1    STACK               startup_nuc1xx.o


==============================================================================

Image component sizes


      Code (inc. data)   RO Data    RW Data    ZI Data      Debug   Object Name

       464         50          0          4          0       3919   animation.o
      2364        154          0         16          0       6516   drvgpio.o
       884        116         16          8          0     126131   drvsys.o
      2662        296         16        104         80      18878   drvtimer.o
       968         20          0         16          0       3460   lcd_driver.o
       608         18          0          0       1024       1205   lcd_function.o
       708         78          0          0          0     125949   main.o
       174          6          4          0          0       1579   scankey.o
       140         52        192          0       1024        752   startup_nuc1xx.o
       162         28          0         28          0       6330   system_nuc1xx.o
         0          0          0       1621          0       3670   varible.o

    ----------------------------------------------------------------------
      9140        818        260       1800       2128     298389   Object Totals
         0          0         32          0          0          0   (incl. Generated)
         6          0          0          3          0          0   (incl. Padding)

    ----------------------------------------------------------------------

      Code (inc. data)   RO Data    RW Data    ZI Data      Debug   Library Member Name

        96          0          0          0          0          0   __dclz77c.o
         8          0          0          0          0         68   __main.o
         0          0          0          0          0          0   __rtentry.o
        12          0          0          0          0          0   __rtentry2.o
         6          0          0          0          0          0   __rtentry4.o
        60          8          0          0          0          0   __scatter.o
        28          0          0          0          0          0   __scatter_zi.o
       346          0          0          0          0         92   aeabi_sdiv.o
        16          0          0          0          0         68   exit.o
         6          0          0          0          0        136   heapauxi.o
         0          0          0          0          0          0   indicate_semi.o
         2          0          0          0          0          0   libinit.o
         2          0          0          0          0          0   libinit2.o
         2          0          0          0          0          0   libshutdown.o
         2          0          0          0          0          0   libshutdown2.o
         8          4          0          0         96         68   libspace.o
         2          0          0          0          0          0   rtexit.o
        10          0          0          0          0          0   rtexit2.o
        12          4          0          0          0         60   sys_exit.o
        62          0          0          0          0         80   sys_stackheap_outer.o
         2          0          0          0          0         68   use_no_semi.o

    ----------------------------------------------------------------------
       688         16          0          0         96        640   Library Totals
         6          0          0          0          0          0   (incl. Padding)

    ----------------------------------------------------------------------

      Code (inc. data)   RO Data    RW Data    ZI Data      Debug   Library Name

       682         16          0          0         96        640   c_p.l

    ----------------------------------------------------------------------
       688         16          0          0         96        640   Library Totals

    ----------------------------------------------------------------------

==============================================================================


      Code (inc. data)   RO Data    RW Data    ZI Data      Debug   

      9828        834        260       1800       2224     296777   Grand Totals
      9828        834        260        664       2224     296777   ELF Image Totals (compressed)
      9828        834        260        664          0          0   ROM Totals

==============================================================================

    Total RO  Size (Code + RO Data)                10088 (   9.85kB)
    Total RW  Size (RW Data + ZI Data)              4024 (   3.93kB)
    Total ROM Size (Code + RO Data + RW Data)      10752 (  10.50kB)

==============================================================================

